Archive member included because of file (symbol)

c:/program files (x86)/gnu tools arm embedded/4.8 2014q3/bin/../lib/gcc/arm-none-eabi/4.8.4/armv7e-m/fpu\libgcc.a(_arm_addsubdf3.o)
                              ./src/hal_entry.o (__aeabi_i2d)
c:/program files (x86)/gnu tools arm embedded/4.8 2014q3/bin/../lib/gcc/arm-none-eabi/4.8.4/armv7e-m/fpu\libgcc.a(_arm_cmpdf2.o)
                              ./src/hal_entry.o (__aeabi_dcmplt)
c:/program files (x86)/gnu tools arm embedded/4.8 2014q3/bin/../lib/gcc/arm-none-eabi/4.8.4/../../../../arm-none-eabi/lib/armv7e-m/fpu\libg.a(lib_a-exit.o)
                              c:/program files (x86)/gnu tools arm embedded/4.8 2014q3/bin/../lib/gcc/arm-none-eabi/4.8.4/../../../../arm-none-eabi/lib/armv7e-m/fpu/rdimon-crt0.o (exit)
c:/program files (x86)/gnu tools arm embedded/4.8 2014q3/bin/../lib/gcc/arm-none-eabi/4.8.4/../../../../arm-none-eabi/lib/armv7e-m/fpu\libg.a(lib_a-impure.o)
                              c:/program files (x86)/gnu tools arm embedded/4.8 2014q3/bin/../lib/gcc/arm-none-eabi/4.8.4/../../../../arm-none-eabi/lib/armv7e-m/fpu\libg.a(lib_a-exit.o) (_global_impure_ptr)
c:/program files (x86)/gnu tools arm embedded/4.8 2014q3/bin/../lib/gcc/arm-none-eabi/4.8.4/../../../../arm-none-eabi/lib/armv7e-m/fpu\libg.a(lib_a-init.o)
                              c:/program files (x86)/gnu tools arm embedded/4.8 2014q3/bin/../lib/gcc/arm-none-eabi/4.8.4/../../../../arm-none-eabi/lib/armv7e-m/fpu/rdimon-crt0.o (__libc_init_array)
c:/program files (x86)/gnu tools arm embedded/4.8 2014q3/bin/../lib/gcc/arm-none-eabi/4.8.4/../../../../arm-none-eabi/lib/armv7e-m/fpu\libg.a(lib_a-memset.o)
                              c:/program files (x86)/gnu tools arm embedded/4.8 2014q3/bin/../lib/gcc/arm-none-eabi/4.8.4/../../../../arm-none-eabi/lib/armv7e-m/fpu/rdimon-crt0.o (memset)
c:/program files (x86)/gnu tools arm embedded/4.8 2014q3/bin/../lib/gcc/arm-none-eabi/4.8.4/../../../../arm-none-eabi/lib/armv7e-m/fpu\libg.a(lib_a-__call_atexit.o)
                              c:/program files (x86)/gnu tools arm embedded/4.8 2014q3/bin/../lib/gcc/arm-none-eabi/4.8.4/../../../../arm-none-eabi/lib/armv7e-m/fpu\libg.a(lib_a-exit.o) (__call_exitprocs)
c:/program files (x86)/gnu tools arm embedded/4.8 2014q3/bin/../lib/gcc/arm-none-eabi/4.8.4/../../../../arm-none-eabi/lib/armv7e-m/fpu\libg.a(lib_a-atexit.o)
                              c:/program files (x86)/gnu tools arm embedded/4.8 2014q3/bin/../lib/gcc/arm-none-eabi/4.8.4/../../../../arm-none-eabi/lib/armv7e-m/fpu\libg.a(lib_a-__call_atexit.o) (atexit)
c:/program files (x86)/gnu tools arm embedded/4.8 2014q3/bin/../lib/gcc/arm-none-eabi/4.8.4/../../../../arm-none-eabi/lib/armv7e-m/fpu\libg.a(lib_a-fini.o)
                              c:/program files (x86)/gnu tools arm embedded/4.8 2014q3/bin/../lib/gcc/arm-none-eabi/4.8.4/../../../../arm-none-eabi/lib/armv7e-m/fpu\libg.a(lib_a-__call_atexit.o) (__libc_fini_array)
c:/program files (x86)/gnu tools arm embedded/4.8 2014q3/bin/../lib/gcc/arm-none-eabi/4.8.4/../../../../arm-none-eabi/lib/armv7e-m/fpu\libg.a(lib_a-__atexit.o)
                              c:/program files (x86)/gnu tools arm embedded/4.8 2014q3/bin/../lib/gcc/arm-none-eabi/4.8.4/../../../../arm-none-eabi/lib/armv7e-m/fpu\libg.a(lib_a-atexit.o) (__register_exitproc)
c:/program files (x86)/gnu tools arm embedded/4.8 2014q3/bin/../lib/gcc/arm-none-eabi/4.8.4/../../../../arm-none-eabi/lib/armv7e-m/fpu\librdimon.a(rdimon-syscalls.o)
                              c:/program files (x86)/gnu tools arm embedded/4.8 2014q3/bin/../lib/gcc/arm-none-eabi/4.8.4/../../../../arm-none-eabi/lib/armv7e-m/fpu/rdimon-crt0.o (initialise_monitor_handles)
c:/program files (x86)/gnu tools arm embedded/4.8 2014q3/bin/../lib/gcc/arm-none-eabi/4.8.4/../../../../arm-none-eabi/lib/armv7e-m/fpu\librdimon.a(rdimon-_exit.o)
                              c:/program files (x86)/gnu tools arm embedded/4.8 2014q3/bin/../lib/gcc/arm-none-eabi/4.8.4/../../../../arm-none-eabi/lib/armv7e-m/fpu\libg.a(lib_a-exit.o) (_exit)
c:/program files (x86)/gnu tools arm embedded/4.8 2014q3/bin/../lib/gcc/arm-none-eabi/4.8.4/../../../../arm-none-eabi/lib/armv7e-m/fpu\librdimon.a(rdimon-_kill.o)
                              c:/program files (x86)/gnu tools arm embedded/4.8 2014q3/bin/../lib/gcc/arm-none-eabi/4.8.4/../../../../arm-none-eabi/lib/armv7e-m/fpu\librdimon.a(rdimon-_exit.o) (_kill)
c:/program files (x86)/gnu tools arm embedded/4.8 2014q3/bin/../lib/gcc/arm-none-eabi/4.8.4/../../../../arm-none-eabi/lib/armv7e-m/fpu\libc.a(lib_a-errno.o)
                              c:/program files (x86)/gnu tools arm embedded/4.8 2014q3/bin/../lib/gcc/arm-none-eabi/4.8.4/../../../../arm-none-eabi/lib/armv7e-m/fpu\librdimon.a(rdimon-syscalls.o) (__errno)
c:/program files (x86)/gnu tools arm embedded/4.8 2014q3/bin/../lib/gcc/arm-none-eabi/4.8.4/../../../../arm-none-eabi/lib/armv7e-m/fpu\libc.a(lib_a-findfp.o)
[...]
Memory Configuration

Name             Origin             Length             Attributes
FLASH            0x00000000         0x00400000         xr
RAM              0x1ffe0000         0x000a0000         xrw
DATA_FLASH       0x40100000         0x00010000         xr
QSPI_FLASH       0x60000000         0x04000000         xr
SDRAM            0x90000000         0x02000000         xrw
*default*        0x00000000         0xffffffff

Linker script and memory map

LOAD c:/program files (x86)/gnu tools arm embedded/4.8 2014q3/bin/../lib/gcc/arm-none-eabi/4.8.4/armv7e-m/fpu/crti.o
LOAD c:/program files (x86)/gnu tools arm embedded/4.8 2014q3/bin/../lib/gcc/arm-none-eabi/4.8.4/armv7e-m/fpu/crtbegin.o
LOAD c:/program files (x86)/gnu tools arm embedded/4.8 2014q3/bin/../lib/gcc/arm-none-eabi/4.8.4/../../../../arm-none-eabi/lib/armv7e-m/fpu/rdimon-crt0.o
START GROUP
LOAD ./synergy/ssp/src/driver/r_ioport/hw/target/s7g2/hw_ioport_s7g2.o
LOAD ./synergy/ssp/src/driver/r_ioport/hw/target/s3a7/hw_ioport_s3a7.o
LOAD ./synergy/ssp/src/driver/r_ioport/r_ioport.o
LOAD ./synergy/ssp/src/driver/r_elc/r_elc.o
LOAD ./synergy/ssp/src/driver/r_cgc/hw/target/hw_cgc_target.o
LOAD ./synergy/ssp/src/driver/r_cgc/hw/common/hw_cgc_common.o
LOAD ./synergy/ssp/src/driver/r_cgc/hw/hw_cgc.o
LOAD ./synergy/ssp/src/driver/r_cgc/r_cgc.o
LOAD ./synergy/ssp/src/bsp/mcu/s7g2/bsp_clocks.o
LOAD ./synergy/ssp/src/bsp/mcu/s7g2/bsp_group_irq.o
LOAD ./synergy/ssp/src/bsp/mcu/s7g2/bsp_irq.o
LOAD ./synergy/ssp/src/bsp/mcu/s7g2/bsp_locking.o
LOAD ./synergy/ssp/src/bsp/mcu/s7g2/bsp_register_protection.o
LOAD ./synergy/ssp/src/bsp/mcu/s7g2/bsp_rom_registers.o
LOAD ./synergy/ssp/src/bsp/mcu/s7g2/bsp_vbatt.o
LOAD ./synergy/ssp/src/bsp/mcu/all/bsp_common.o
LOAD ./synergy/ssp/src/bsp/mcu/all/bsp_common_leds.o
LOAD ./synergy/ssp/src/bsp/mcu/all/bsp_delay.o
LOAD ./synergy/ssp/src/bsp/cmsis/Device/RENESAS/S7G2/Source/startup_S7G2.o
LOAD ./synergy/ssp/src/bsp/cmsis/Device/RENESAS/S7G2/Source/system_S7G2.o
LOAD ./synergy/ssp/src/bsp/cmsis/Device/RENESAS/S3A7/Source/startup_S3A7.o
LOAD ./synergy/ssp/src/bsp/cmsis/Device/RENESAS/S3A7/Source/system_S3A7.o
LOAD ./synergy/ssp/src/bsp/board/s7g2_dk/bsp_init.o
LOAD ./synergy/ssp/src/bsp/board/s7g2_dk/bsp_leds.o
LOAD ./synergy/ssp/src/bsp/board/s7g2_dk/bsp_qspi.o
LOAD ./synergy/ssp/src/bsp/board/s7g2_dk/bsp_sdram.o
LOAD ./src/synergy_gen/hal_data.o
LOAD ./src/synergy_gen/main.o
LOAD ./src/hal_entry.o
LOAD C:\Users\lycan\e2_studio\workspace\DayOne\synergy\ssp\src\bsp\cmsis\DSP_Lib\cm4_gcc\libDSP_Lib.a
END GROUP
START GROUP
LOAD c:/program files (x86)/gnu tools arm embedded/4.8 2014q3/bin/../lib/gcc/arm-none-eabi/4.8.4/armv7e-m/fpu\libgcc.a
LOAD c:/program files (x86)/gnu tools arm embedded/4.8 2014q3/bin/../lib/gcc/arm-none-eabi/4.8.4/../../../../arm-none-eabi/lib/armv7e-m/fpu\libg.a
LOAD c:/program files (x86)/gnu tools arm embedded/4.8 2014q3/bin/../lib/gcc/arm-none-eabi/4.8.4/../../../../arm-none-eabi/lib/armv7e-m/fpu\libc.a
END GROUP
START GROUP
LOAD c:/program files (x86)/gnu tools arm embedded/4.8 2014q3/bin/../lib/gcc/arm-none-eabi/4.8.4/armv7e-m/fpu\libgcc.a
LOAD c:/program files (x86)/gnu tools arm embedded/4.8 2014q3/bin/../lib/gcc/arm-none-eabi/4.8.4/../../../../arm-none-eabi/lib/armv7e-m/fpu\libc.a
LOAD c:/program files (x86)/gnu tools arm embedded/4.8 2014q3/bin/../lib/gcc/arm-none-eabi/4.8.4/../../../../arm-none-eabi/lib/armv7e-m/fpu\librdimon.a
END GROUP
LOAD c:/program files (x86)/gnu tools arm embedded/4.8 2014q3/bin/../lib/gcc/arm-none-eabi/4.8.4/armv7e-m/fpu/crtend.o
LOAD c:/program files (x86)/gnu tools arm embedded/4.8 2014q3/bin/../lib/gcc/arm-none-eabi/4.8.4/armv7e-m/fpu/crtn.o
START GROUP
LOAD c:/program files (x86)/gnu tools arm embedded/4.8 2014q3/bin/../lib/gcc/arm-none-eabi/4.8.4/armv7e-m/fpu\libgcc.a
LOAD c:/program files (x86)/gnu tools arm embedded/4.8 2014q3/bin/../lib/gcc/arm-none-eabi/4.8.4/../../../../arm-none-eabi/lib/armv7e-m/fpu\libc.a
LOAD c:/program files (x86)/gnu tools arm embedded/4.8 2014q3/bin/../lib/gcc/arm-none-eabi/4.8.4/../../../../arm-none-eabi/lib/armv7e-m/fpu\libm.a
LOAD c:/program files (x86)/gnu tools arm embedded/4.8 2014q3/bin/../lib/gcc/arm-none-eabi/4.8.4/../../../../arm-none-eabi/lib/armv7e-m/fpu\libnosys.a
END GROUP

.text           0x00000000     0x2d40
                0x00000000                __ROM_Start = .
 *(.vectors)
 .vectors       0x00000000      0x1c0 ./synergy/ssp/src/bsp/cmsis/Device/RENESAS/S7G2/Source/startup_S7G2.o
                0x00000000                __Vectors
                0x000001c0                __Vectors_End = .
                0x000001c0                __Vectors_Size = (__Vectors_End - __Vectors)
                0x000001c0                __end__ = .
                0x00000400                . = (__ROM_Start + 0x400)
 *fill*         0x000001c0      0x240 ff
 *(.rom_registers*)
 .rom_registers
                0x00000400       0x3c ./synergy/ssp/src/bsp/mcu/s7g2/bsp_rom_registers.o
                0x00000500                . = (__ROM_Start + 0x500)
 *fill*         0x0000043c       0xc4 ff
 *(.text*)
 .text          0x00000500       0x54 c:/program files (x86)/gnu tools arm embedded/4.8 2014q3/bin/../lib/gcc/arm-none-eabi/4.8.4/armv7e-m/fpu/crtbegin.o
 .text.HW_IOPORT_EthernetModeCfg
                0x00000554       0x28 ./synergy/ssp/src/driver/r_ioport/hw/target/s7g2/hw_ioport_s7g2.o
                0x00000554                HW_IOPORT_EthernetModeCfg
 .text.HW_IOPORT_PortWriteWithPCNTR3
                0x0000057c       0x14 ./synergy/ssp/src/driver/r_ioport/hw/target/s7g2/hw_ioport_s7g2.o
                0x0000057c                HW_IOPORT_PortWriteWithPCNTR3
 .text.HW_IOPORT_PortEventInputDataRead
                0x00000590       0x14 ./synergy/ssp/src/driver/r_ioport/hw/target/s7g2/hw_ioport_s7g2.o
                0x00000590                HW_IOPORT_PortEventInputDataRead
 .text.HW_IOPORT_PortEventOutputDataWrite
                0x000005a4       0x14 ./synergy/ssp/src/driver/r_ioport/hw/target/s7g2/hw_ioport_s7g2.o
                0x000005a4                HW_IOPORT_PortEventOutputDataWrite
 .text.HW_IOPORT_PinRead
                0x000005b8       0x1c ./synergy/ssp/src/driver/r_ioport/hw/target/s7g2/hw_ioport_s7g2.o
                0x000005b8                HW_IOPORT_PinRead
 .text.HW_IOPORT_PortRead
                0x000005d4       0x14 ./synergy/ssp/src/driver/r_ioport/hw/target/s7g2/hw_ioport_s7g2.o
                0x000005d4                HW_IOPORT_PortRead
 .text.HW_IOPORT_PortDirectionRead
                0x000005e8       0x14 ./synergy/ssp/src/driver/r_ioport/hw/target/s7g2/hw_ioport_s7g2.o
                0x000005e8                HW_IOPORT_PortDirectionRead
 .text.HW_IOPORT_PortDirectionSet
                0x000005fc       0x18 ./synergy/ssp/src/driver/r_ioport/hw/target/s7g2/hw_ioport_s7g2.o
                0x000005fc                HW_IOPORT_PortDirectionSet
 .text.HW_IOPORT_PFSWrite
                0x00000614       0x48 ./synergy/ssp/src/driver/r_ioport/hw/target/s7g2/hw_ioport_s7g2.o
                0x00000614                HW_IOPORT_PFSWrite
 .text.HW_IOPORT_PinWrite
                0x0000065c       0x2c ./synergy/ssp/src/driver/r_ioport/hw/target/s7g2/hw_ioport_s7g2.o
                0x0000065c                HW_IOPORT_PinWrite
 .text.HW_IOPORT_PinDirectionSet
                0x00000688       0x34 ./synergy/ssp/src/driver/r_ioport/hw/target/s7g2/hw_ioport_s7g2.o
                0x00000688                HW_IOPORT_PinDirectionSet
 .text.R_IOPORT_VersionGet
                0x000006bc       0x10 ./synergy/ssp/src/driver/r_ioport/r_ioport.o
                0x000006bc                R_IOPORT_VersionGet
 .text.R_IOPORT_Init
                0x000006cc       0x30 ./synergy/ssp/src/driver/r_ioport/r_ioport.o
                0x000006cc                R_IOPORT_Init
 .text.R_IOPORT_PinCfg
                0x000006fc       0x18 ./synergy/ssp/src/driver/r_ioport/r_ioport.o
                0x000006fc                R_IOPORT_PinCfg
 .text.R_IOPORT_PinRead
                0x00000714       0x24 ./synergy/ssp/src/driver/r_ioport/r_ioport.o
                0x00000714                R_IOPORT_PinRead
 .text.R_IOPORT_PortRead
                0x00000738       0x24 ./synergy/ssp/src/driver/r_ioport/r_ioport.o
                0x00000738                R_IOPORT_PortRead
 .text.R_IOPORT_PortWrite
                0x0000075c       0x20 ./synergy/ssp/src/driver/r_ioport/r_ioport.o
                0x0000075c                R_IOPORT_PortWrite
 .text.R_IOPORT_PinWrite
                0x0000077c       0x1c ./synergy/ssp/src/driver/r_ioport/r_ioport.o
                0x0000077c                R_IOPORT_PinWrite
 .text.R_IOPORT_PortDirectionSet
                0x00000798       0x38 ./synergy/ssp/src/driver/r_ioport/r_ioport.o
                0x00000798                R_IOPORT_PortDirectionSet
 .text.R_IOPORT_PinDirectionSet
                0x000007d0       0x1c ./synergy/ssp/src/driver/r_ioport/r_ioport.o
                0x000007d0                R_IOPORT_PinDirectionSet
 .text.R_IOPORT_PortEventInputRead
                0x000007ec       0x24 ./synergy/ssp/src/driver/r_ioport/r_ioport.o
                0x000007ec                R_IOPORT_PortEventInputRead
 .text.R_IOPORT_PinEventInputRead
                0x00000810       0x3c ./synergy/ssp/src/driver/r_ioport/r_ioport.o
                0x00000810                R_IOPORT_PinEventInputRead
 .text.R_IOPORT_PortEventOutputWrite
                0x0000084c       0x20 ./synergy/ssp/src/driver/r_ioport/r_ioport.o
                0x0000084c                R_IOPORT_PortEventOutputWrite
 .text.R_IOPORT_PinEventOutputWrite
                0x0000086c       0x34 ./synergy/ssp/src/driver/r_ioport/r_ioport.o
                0x0000086c                R_IOPORT_PinEventOutputWrite
 .text.R_IOPORT_EthernetModeCfg
                0x000008a0       0x18 ./synergy/ssp/src/driver/r_ioport/r_ioport.o
                0x000008a0                R_IOPORT_EthernetModeCfg
 .text.R_ELC_Init
                0x000008b8       0x54 ./synergy/ssp/src/driver/r_elc/r_elc.o
                0x000008b8                R_ELC_Init
 .text.R_ELC_LinkSet
                0x0000090c       0x10 ./synergy/ssp/src/driver/r_elc/r_elc.o
                0x0000090c                R_ELC_LinkSet
 .text.R_ELC_LinkBreak
                0x0000091c       0x10 ./synergy/ssp/src/driver/r_elc/r_elc.o
                0x0000091c                R_ELC_LinkBreak
 .text.R_ELC_Enable
                0x0000092c       0x14 ./synergy/ssp/src/driver/r_elc/r_elc.o
                0x0000092c                R_ELC_Enable
 .text.R_ELC_Disable
                0x00000940       0x14 ./synergy/ssp/src/driver/r_elc/r_elc.o
                0x00000940                R_ELC_Disable
 .text.R_ELC_VersionGet
                0x00000954       0x14 ./synergy/ssp/src/driver/r_elc/r_elc.o
                0x00000954                R_ELC_VersionGet
 .text.R_ELC_SoftwareEventGenerate
                0x00000968       0x2c ./synergy/ssp/src/driver/r_elc/r_elc.o
                0x00000968                R_ELC_SoftwareEventGenerate
 .text.HW_CGC_Init
                0x00000994       0x34 ./synergy/ssp/src/driver/r_cgc/hw/hw_cgc.o
                0x00000994                HW_CGC_Init
 .text.HW_CGC_InitPLLFreq
                0x000009c8       0x70 ./synergy/ssp/src/driver/r_cgc/hw/hw_cgc.o
                0x000009c8                HW_CGC_InitPLLFreq
 .text.HW_CGC_MainClockDriveSet
                0x00000a38       0x40 ./synergy/ssp/src/driver/r_cgc/hw/hw_cgc.o
                0x00000a38                HW_CGC_MainClockDriveSet
 .text.HW_CGC_SubClockDriveSet
                0x00000a78       0x40 ./synergy/ssp/src/driver/r_cgc/hw/hw_cgc.o
                0x00000a78                HW_CGC_SubClockDriveSet
 .text.HW_CGC_ClockStart
                0x00000ab8       0xa0 ./synergy/ssp/src/driver/r_cgc/hw/hw_cgc.o
                0x00000ab8                HW_CGC_ClockStart
 .text.HW_CGC_ClockStop
                0x00000b58       0xa0 ./synergy/ssp/src/driver/r_cgc/hw/hw_cgc.o
                0x00000b58                HW_CGC_ClockStop
 .text.HW_CGC_ClockCheck
                0x00000bf8       0x38 ./synergy/ssp/src/driver/r_cgc/hw/hw_cgc.o
                0x00000bf8                HW_CGC_ClockCheck
 .text.HW_CGC_ClockRunStateGet
                0x00000c30       0x78 ./synergy/ssp/src/driver/r_cgc/hw/hw_cgc.o
                0x00000c30                HW_CGC_ClockRunStateGet
 .text.HW_CGC_DelayCycles
                0x00000ca8       0x10 ./synergy/ssp/src/driver/r_cgc/hw/hw_cgc.o
                0x00000ca8                HW_CGC_DelayCycles
 .text.HW_CGC_MainOscSourceSet
                0x00000cb8       0x38 ./synergy/ssp/src/driver/r_cgc/hw/hw_cgc.o
                0x00000cb8                HW_CGC_MainOscSourceSet
 .text.HW_CGC_ClockWaitSet
                0x00000cf0       0x38 ./synergy/ssp/src/driver/r_cgc/hw/hw_cgc.o
                0x00000cf0                HW_CGC_ClockWaitSet
 .text.HW_CGC_ClockSourceValidCheck
                0x00000d28        0xc ./synergy/ssp/src/driver/r_cgc/hw/hw_cgc.o
                0x00000d28                HW_CGC_ClockSourceValidCheck
 .text.HW_CGC_SystemClockValidCheck
                0x00000d34        0xc ./synergy/ssp/src/driver/r_cgc/hw/hw_cgc.o
                0x00000d34                HW_CGC_SystemClockValidCheck
 .text.HW_CGC_ClockSourceGet
                0x00000d40       0x10 ./synergy/ssp/src/driver/r_cgc/hw/hw_cgc.o
                0x00000d40                HW_CGC_ClockSourceGet
 .text.HW_CGC_ClockSourceSet
                0x00000d50       0x38 ./synergy/ssp/src/driver/r_cgc/hw/hw_cgc.o
                0x00000d50                HW_CGC_ClockSourceSet
 .text.HW_CGC_PLLClockSourceGet
                0x00000d88       0x14 ./synergy/ssp/src/driver/r_cgc/hw/hw_cgc.o
                0x00000d88                HW_CGC_PLLClockSourceGet
 .text.HW_CGC_PLLClockSourceSet
                0x00000d9c       0x40 ./synergy/ssp/src/driver/r_cgc/hw/hw_cgc.o
                0x00000d9c                HW_CGC_PLLClockSourceSet
 .text.HW_CGC_PLLMultiplierSet
                0x00000ddc       0x44 ./synergy/ssp/src/driver/r_cgc/hw/hw_cgc.o
                0x00000ddc                HW_CGC_PLLMultiplierSet
 .text.HW_CGC_PLLDividerSet
                0x00000e20       0x40 ./synergy/ssp/src/driver/r_cgc/hw/hw_cgc.o
                0x00000e20                HW_CGC_PLLDividerSet
 .text.HW_CGC_SystemDividersSet
                0x00000e60       0x68 ./synergy/ssp/src/driver/r_cgc/hw/hw_cgc.o
                0x00000e60                HW_CGC_SystemDividersSet
 .text.HW_CGC_SystemDividersGet
                0x00000ec8       0x40 ./synergy/ssp/src/driver/r_cgc/hw/hw_cgc.o
                0x00000ec8                HW_CGC_SystemDividersGet
 .text.HW_CGC_ClockDividerGet
                0x00000f08       0x60 ./synergy/ssp/src/driver/r_cgc/hw/hw_cgc.o
                0x00000f08                HW_CGC_ClockDividerGet
 .text.HW_CGC_ClockHzGet
                0x00000f68       0x24 ./synergy/ssp/src/driver/r_cgc/hw/hw_cgc.o
                0x00000f68                HW_CGC_ClockHzGet
 .text.HW_CGC_ClockHzCalculate
                0x00000f8c       0x10 ./synergy/ssp/src/driver/r_cgc/hw/hw_cgc.o
                0x00000f8c                HW_CGC_ClockHzCalculate
 .text.HW_CGC_OscStopDetectEnable
                0x00000f9c       0x44 ./synergy/ssp/src/driver/r_cgc/hw/hw_cgc.o
                0x00000f9c                HW_CGC_OscStopDetectEnable
 .text.HW_CGC_OscStopDetectDisable
                0x00000fe0       0x44 ./synergy/ssp/src/driver/r_cgc/hw/hw_cgc.o
                0x00000fe0                HW_CGC_OscStopDetectDisable
 .text.HW_CGC_OscStopDetectEnabledGet
                0x00001024       0x10 ./synergy/ssp/src/driver/r_cgc/hw/hw_cgc.o
                0x00001024                HW_CGC_OscStopDetectEnabledGet
 .text.HW_CGC_OscStopDetectGet
                0x00001034       0x10 ./synergy/ssp/src/driver/r_cgc/hw/hw_cgc.o
                0x00001034                HW_CGC_OscStopDetectGet
 .text.HW_CGC_OscStopStatusClear
                0x00001044       0x4c ./synergy/ssp/src/driver/r_cgc/hw/hw_cgc.o
                0x00001044                HW_CGC_OscStopStatusClear
 .text.HW_CGC_BusClockOutCfg
                0x00001090       0x38 ./synergy/ssp/src/driver/r_cgc/hw/hw_cgc.o
                0x00001090                HW_CGC_BusClockOutCfg
 .text.HW_CGC_BusClockOutEnable
                0x000010c8       0x38 ./synergy/ssp/src/driver/r_cgc/hw/hw_cgc.o
                0x000010c8                HW_CGC_BusClockOutEnable
 .text.HW_CGC_BusClockOutDisable
                0x00001100       0x38 ./synergy/ssp/src/driver/r_cgc/hw/hw_cgc.o
                0x00001100                HW_CGC_BusClockOutDisable
 .text.HW_CGC_ClockOutCfg
                0x00001138       0x50 ./synergy/ssp/src/driver/r_cgc/hw/hw_cgc.o
                0x00001138                HW_CGC_ClockOutCfg
 .text.HW_CGC_ClockOutEnable
                0x00001188       0x38 ./synergy/ssp/src/driver/r_cgc/hw/hw_cgc.o
                0x00001188                HW_CGC_ClockOutEnable
 .text.HW_CGC_ClockOutDisable
                0x000011c0       0x38 ./synergy/ssp/src/driver/r_cgc/hw/hw_cgc.o
                0x000011c0                HW_CGC_ClockOutDisable
 .text.HW_CGC_SDRAMClockOutEnable
                0x000011f8       0x38 ./synergy/ssp/src/driver/r_cgc/hw/hw_cgc.o
                0x000011f8                HW_CGC_SDRAMClockOutEnable
 .text.HW_CGC_SDRAMClockOutDisable
                0x00001230       0x38 ./synergy/ssp/src/driver/r_cgc/hw/hw_cgc.o
                0x00001230                HW_CGC_SDRAMClockOutDisable
 .text.HW_CGC_USBClockCfg
                0x00001268       0x38 ./synergy/ssp/src/driver/r_cgc/hw/hw_cgc.o
                0x00001268                HW_CGC_USBClockCfg
 .text.HW_CGC_SystickUpdate
                0x000012a0       0x3c ./synergy/ssp/src/driver/r_cgc/hw/hw_cgc.o
                0x000012a0                HW_CGC_SystickUpdate
 .text.HW_CGC_SRAM_RAMWaitSet
                0x000012dc       0x30 ./synergy/ssp/src/driver/r_cgc/hw/hw_cgc.o
                0x000012dc                HW_CGC_SRAM_RAMWaitSet
 .text.HW_CGC_SRAM_HSRAMWaitSet
                0x0000130c       0x24 ./synergy/ssp/src/driver/r_cgc/hw/hw_cgc.o
                0x0000130c                HW_CGC_SRAM_HSRAMWaitSet
 .text.HW_CGC_ROMWaitSet
                0x00001330       0x14 ./synergy/ssp/src/driver/r_cgc/hw/hw_cgc.o
                0x00001330                HW_CGC_ROMWaitSet
 .text.HW_CGC_ROMWaitGet
                0x00001344       0x10 ./synergy/ssp/src/driver/r_cgc/hw/hw_cgc.o
                0x00001344                HW_CGC_ROMWaitGet
 .text.R_CGC_LCDClockCfg
                0x00001354        0x4 ./synergy/ssp/src/driver/r_cgc/r_cgc.o
                0x00001354                R_CGC_LCDClockCfg
 .text.R_CGC_LCDClockEnable
                0x00001358        0x4 ./synergy/ssp/src/driver/r_cgc/r_cgc.o
                0x00001358                R_CGC_LCDClockEnable
 .text.R_CGC_LCDClockDisable
                0x0000135c        0x4 ./synergy/ssp/src/driver/r_cgc/r_cgc.o
                0x0000135c                R_CGC_LCDClockDisable
 .text.R_CGC_VersionGet
                0x00001360       0x10 ./synergy/ssp/src/driver/r_cgc/r_cgc.o
                0x00001360                R_CGC_VersionGet
 .text.R_CGC_SystemClockGet
                0x00001370       0x18 ./synergy/ssp/src/driver/r_cgc/r_cgc.o
                0x00001370                R_CGC_SystemClockGet
 .text.R_CGC_SystemClockFreqGet
                0x00001388       0x24 ./synergy/ssp/src/driver/r_cgc/r_cgc.o
                0x00001388                R_CGC_SystemClockFreqGet
 .text.R_CGC_OscStopStatusClear
                0x000013ac       0x2c ./synergy/ssp/src/driver/r_cgc/r_cgc.o
                0x000013ac                R_CGC_OscStopStatusClear
 .text.R_CGC_BusClockOutCfg
                0x000013d8        0xc ./synergy/ssp/src/driver/r_cgc/r_cgc.o
                0x000013d8                R_CGC_BusClockOutCfg
 .text.R_CGC_BusClockOutEnable
                0x000013e4        0xc ./synergy/ssp/src/driver/r_cgc/r_cgc.o
                0x000013e4                R_CGC_BusClockOutEnable
 .text.R_CGC_BusClockOutDisable
                0x000013f0        0xc ./synergy/ssp/src/driver/r_cgc/r_cgc.o
                0x000013f0                R_CGC_BusClockOutDisable
 .text.R_CGC_ClockOutCfg
                0x000013fc        0xc ./synergy/ssp/src/driver/r_cgc/r_cgc.o
                0x000013fc                R_CGC_ClockOutCfg
 .text.R_CGC_ClockOutEnable
                0x00001408        0xc ./synergy/ssp/src/driver/r_cgc/r_cgc.o
                0x00001408                R_CGC_ClockOutEnable
 .text.R_CGC_ClockOutDisable
                0x00001414        0xc ./synergy/ssp/src/driver/r_cgc/r_cgc.o
                0x00001414                R_CGC_ClockOutDisable
 .text.R_CGC_SDRAMClockOutEnable
                0x00001420        0xc ./synergy/ssp/src/driver/r_cgc/r_cgc.o
                0x00001420                R_CGC_SDRAMClockOutEnable
 .text.R_CGC_SDRAMClockOutDisable
                0x0000142c        0xc ./synergy/ssp/src/driver/r_cgc/r_cgc.o
                0x0000142c                R_CGC_SDRAMClockOutDisable
 .text.R_CGC_USBClockCfg
                0x00001438        0xc ./synergy/ssp/src/driver/r_cgc/r_cgc.o
                0x00001438                R_CGC_USBClockCfg
 .text.R_CGC_SystickUpdate
                0x00001444       0x50 ./synergy/ssp/src/driver/r_cgc/r_cgc.o
                0x00001444                R_CGC_SystickUpdate
 .text.R_CGC_Init
                0x00001494       0x64 ./synergy/ssp/src/driver/r_cgc/r_cgc.o
                0x00001494                R_CGC_Init
 .text.R_CGC_ClockCheck
                0x000014f8       0x60 ./synergy/ssp/src/driver/r_cgc/r_cgc.o
                0x000014f8                R_CGC_ClockCheck
 .text.R_CGC_ClockStart
                0x00001558       0xd0 ./synergy/ssp/src/driver/r_cgc/r_cgc.o
                0x00001558                R_CGC_ClockStart
 .text.R_CGC_ClockStop
                0x00001628       0xa8 ./synergy/ssp/src/driver/r_cgc/r_cgc.o
                0x00001628                R_CGC_ClockStop
 .text.R_CGC_SystemClockSet
                0x000016d0       0xcc ./synergy/ssp/src/driver/r_cgc/r_cgc.o
                0x000016d0                R_CGC_SystemClockSet
 .text.R_CGC_OscStopDetect
                0x0000179c       0x38 ./synergy/ssp/src/driver/r_cgc/r_cgc.o
                0x0000179c                R_CGC_OscStopDetect
 .text.bsp_clock_init
                0x000017d4       0x9c ./synergy/ssp/src/bsp/mcu/s7g2/bsp_clocks.o
                0x000017d4                bsp_clock_init
 .text.bsp_cpu_clock_get
                0x00001870       0x1c ./synergy/ssp/src/bsp/mcu/s7g2/bsp_clocks.o
                0x00001870                bsp_cpu_clock_get
 .text.bsp_group_interrupt_open
                0x0000188c       0x18 ./synergy/ssp/src/bsp/mcu/s7g2/bsp_group_irq.o
                0x0000188c                bsp_group_interrupt_open
 .text.R_BSP_GroupIrqWrite
                0x000018a4       0x10 ./synergy/ssp/src/bsp/mcu/s7g2/bsp_group_irq.o
                0x000018a4                R_BSP_GroupIrqWrite
 .text.NMI_Handler
                0x000018b4      0x1f4 ./synergy/ssp/src/bsp/mcu/s7g2/bsp_group_irq.o
                0x000018b4                NMI_Handler
 .text.bsp_irq_cfg
                0x00001aa8        0x4 ./synergy/ssp/src/bsp/mcu/s7g2/bsp_irq.o
                0x00001aa8                bsp_irq_cfg
 .text.bsp_init_hardware_locks
                0x00001aac       0x18 ./synergy/ssp/src/bsp/mcu/s7g2/bsp_locking.o
                0x00001aac                bsp_init_hardware_locks
 .text.R_BSP_RegisterProtectEnable
                0x00001ac4       0x48 ./synergy/ssp/src/bsp/mcu/s7g2/bsp_register_protection.o
                0x00001ac4                R_BSP_RegisterProtectEnable
 .text.R_BSP_RegisterProtectDisable
                0x00001b0c       0x44 ./synergy/ssp/src/bsp/mcu/s7g2/bsp_register_protection.o
                0x00001b0c                R_BSP_RegisterProtectDisable
 .text.bsp_register_protect_open
                0x00001b50       0x10 ./synergy/ssp/src/bsp/mcu/s7g2/bsp_register_protection.o
                0x00001b50                bsp_register_protect_open
 .text.bsp_vbatt_init
                0x00001b60       0x84 ./synergy/ssp/src/bsp/mcu/s7g2/bsp_vbatt.o
                0x00001b60                bsp_vbatt_init
 .text.software_delay_loop
                0x00001be4        0xc ./synergy/ssp/src/bsp/mcu/all/bsp_delay.o
 .text.R_BSP_SoftwareDelay
                0x00001bf0       0x58 ./synergy/ssp/src/bsp/mcu/all/bsp_delay.o
                0x00001bf0                R_BSP_SoftwareDelay
 .text.Default_Handler
                0x00001c48        0x4 ./synergy/ssp/src/bsp/cmsis/Device/RENESAS/S7G2/Source/startup_S7G2.o
                0x00001c48                gpt13_compare_int_f_isr
                0x00001c48                gpt0_compare_int_f_isr
                0x00001c48                gpt0_counter_overflow_isr
                0x00001c48                gpt10_counter_overflow_isr
                0x00001c48                gpt3_compare_int_e_isr
                0x00001c48                gpt7_counter_underflow_isr
                0x00001c48                gpt1_capture_compare_int_a_isr
                0x00001c48                rspi0_spti_isr
                0x00001c48                DebugMon_Handler
                0x00001c48                sci3_txi_isr
                0x00001c48                s12ad0_cmpai_isr
                0x00001c48                s12ad1_cmpbi_isr
                0x00001c48                riic0_rxi_isr
                0x00001c48                cac_ovff_isr
                0x00001c48                usbfs_d0fifo_isr
                0x00001c48                sci5_eri_isr
                0x00001c48                ether_eint0_isr
                0x00001c48                gpt1_compare_int_f_isr
                0x00001c48                sci0_tei_isr
                0x00001c48                usbfs_usbr_isr
                0x00001c48                gpt5_ad_trig_b_isr
                0x00001c48                sdhi_mmc1_card_isr
                0x00001c48                poeg_group_event3_isr
                0x00001c48                comp_oc0_comp_irq_isr
                0x00001c48                fcu_eccerr_isr
                0x00001c48                gpt10_ad_trig_b_isr
                0x00001c48                ssi1_ssirt_isr
                0x00001c48                HardFault_Handler
                0x00001c48                gpt12_counter_underflow_isr
                0x00001c48                gpt0_capture_compare_int_b_isr
                0x00001c48                dmac6_dmac_isr
                0x00001c48                sdhi_mmc1_sdio_isr
                0x00001c48                comp_rd4_comp_irq_isr
                0x00001c48                rcan21_txf_isr
                0x00001c48                sci9_eri_isr
                0x00001c48                ether_ether5_fall_isr
                0x00001c48                gpt8_ad_trig_a_isr
                0x00001c48                gpt7_counter_overflow_isr
                0x00001c48                sci9_rxi_isr
                0x00001c48                SysTick_Handler
                0x00001c48                gpt12_capture_compare_int_b_isr
                0x00001c48                rcan21_ers_isr
                0x00001c48                gpt0_compare_int_e_isr
                0x00001c48                PendSV_Handler
                0x00001c48                gpt6_ad_trig_b_isr
                0x00001c48                gpt0_counter_underflow_isr
                0x00001c48                gpt3_capture_compare_int_a_isr
                0x00001c48                gpt9_counter_underflow_isr
                0x00001c48                comp_rd1_comp_irq_isr
                0x00001c48                gpio_port_group_a_isr
                0x00001c48                elc0_software_event_isr
                0x00001c48                lvd2_lvd2_isr
                0x00001c48                gpt11_counter_overflow_isr
                0x00001c48                sci5_tei_isr
                0x00001c48                gpt3_compare_int_d_isr
                0x00001c48                port15_irq_isr
                0x00001c48                rtc_cup_isr
                0x00001c48                gpio_port_group_c_isr
                0x00001c48                gpt13_ad_trig_b_isr
                0x00001c48                gpt6_compare_int_c_isr
                0x00001c48                port1_irq_isr
                0x00001c48                dmac3_dmac_isr
                0x00001c48                dmac7_dmac_isr
                0x00001c48                gpt2_capture_compare_int_a_isr
                0x00001c48                gpt8_counter_overflow_isr
                0x00001c48                dtc_transfer_isr
                0x00001c48                gpt6_compare_int_f_isr
                0x00001c48                ssi1_ssitxi_isr
                0x00001c48                riic0_tei_isr
                0x00001c48                gpio_port_group_b_isr
                0x00001c48                ether_ether2_rise_isr
                0x00001c48                src_odfi_isr
                0x00001c48                mosc_osc_stop_isr
                0x00001c48                rtc_alm_isr
                0x00001c48                gpt3_ad_trig_b_isr
                0x00001c48                gpt12_compare_int_e_isr
                0x00001c48                rspi0_sp_elctend_isr
                0x00001c48                riic2_txi_isr
                0x00001c48                cac_mendf_isr
                0x00001c48                gpt2_compare_int_f_isr
                0x00001c48                lcdc_lcdc_level_1_isr
                0x00001c48                rtc_prd_isr
                0x00001c48                usbhs_d0fifo_isr
                0x00001c48                gpt9_counter_overflow_isr
                0x00001c48                gpt1_ad_trig_a_isr
                0x00001c48                port0_irq_isr
                0x00001c48                sci1_eri_isr
                0x00001c48                usbfs_usbi_isr
                0x00001c48                poeg_group_event2_isr
                0x00001c48                sci9_am_isr
                0x00001c48                comp_rd2_comp_irq_isr
                0x00001c48                tsip_rdrdy_1_n_isr
                0x00001c48                ether_mint_isr
                0x00001c48                tsip_rdrdy_0_n_isr
                0x00001c48                sdhi_mmc1_odmsdbreq_isr
                0x00001c48                UsageFault_Handler
                0x00001c48                sdhi_mmc0_sdio_isr
                0x00001c48                rspi0_spei_isr
                0x00001c48                riic1_tei_isr
                0x00001c48                gpt1_compare_int_d_isr
                0x00001c48                s12ad1_gbadi_isr
                0x00001c48                gpt6_ad_trig_a_isr
                0x00001c48                port13_irq_isr
                0x00001c48                gpt5_counter_overflow_isr
                0x00001c48                sci8_txi_isr
                0x00001c48                ext_divider_intmd_isr
                0x00001c48                s12ad1_compare_mismatch_isr
                0x00001c48                rspi1_spti_isr
                0x00001c48                gpt11_counter_underflow_isr
                0x00001c48                gpt13_compare_int_d_isr
                0x00001c48                sci8_tei_isr
                0x00001c48                gpt9_compare_int_e_isr
                0x00001c48                gpt4_compare_int_f_isr
                0x00001c48                sci7_am_isr
                0x00001c48                gpt2_capture_compare_int_b_isr
                0x00001c48                sdhi_mmc0_odmsdbreq_isr
                0x00001c48                gpt8_capture_compare_int_a_isr
                0x00001c48                rcan21_txm_isr
                0x00001c48                jpeg_jedi_isr
                0x00001c48                s12ad0_compare_mismatch_isr
                0x00001c48                sci6_txi_isr
                0x00001c48                sdhi_mmc0_card_isr
                0x00001c48                gpt11_ad_trig_b_isr
                0x00001c48                gpt4_compare_int_c_isr
                0x00001c48                gpt4_capture_compare_int_b_isr
                0x00001c48                sdhi_mmc1_accs_isr
                0x00001c48                gpt1_ad_trig_b_isr
                0x00001c48                gpt2_ad_trig_b_isr
                0x00001c48                gpt11_compare_int_d_isr
                0x00001c48                gpio_port_group_d_isr
                0x00001c48                dtc_complete_isr
                0x00001c48                gpt12_compare_int_f_isr
                0x00001c48                gpt2_compare_int_c_isr
                0x00001c48                gpt9_compare_int_f_isr
                0x00001c48                gpt8_compare_int_f_isr
                0x00001c48                ether_pint_isr
                0x00001c48                elc1_software_event_isr
                0x00001c48                gpt4_counter_underflow_isr
                0x00001c48                agt0_agtcmai_isr
                0x00001c48                lcdc_lcdc_level_0_isr
                0x00001c48                gpt8_capture_compare_int_b_isr
                0x00001c48                gpt13_compare_int_e_isr
                0x00001c48                sci9_tei_isr
                0x00001c48                riic2_eei_isr
                0x00001c48                riic2_rxi_isr
                0x00001c48                sci5_rxi_isr
                0x00001c48                gpt11_ad_trig_a_isr
                0x00001c48                cwdt_nmiundf_n_isr
                0x00001c48                tsip_long_plg_n_isr
                0x00001c48                gpt12_ad_trig_a_isr
                0x00001c48                doc_dopcf_isr
                0x00001c48                sci2_tei_isr
                0x00001c48                sci7_txi_isr
                0x00001c48                sci4_eri_isr
                0x00001c48                twod_engine_irq_isr
                0x00001c48                sci0_rxi_or_eri_isr
                0x00001c48                gpt4_counter_overflow_isr
                0x00001c48                ether_ether5_rise_isr
                0x00001c48                sci0_rxi_isr
                0x00001c48                gpt4_capture_compare_int_a_isr
                0x00001c48                gpt1_counter_underflow_isr
                0x00001c48                port6_irq_isr
                0x00001c48                src_ovf_isr
                0x00001c48                gpt1_capture_compare_int_b_isr
                0x00001c48                ctsu_ctsufn_isr
                0x00001c48                exdmac0_exdmac_isr
                0x00001c48                gpt2_ad_trig_a_isr
                0x00001c48                iwdt_nmiundf_n_isr
                0x00001c48                sci4_rxi_isr
                0x00001c48                gpt13_capture_compare_int_a_isr
                0x00001c48                gpt3_counter_overflow_isr
                0x00001c48                gpt4_ad_trig_b_isr
                0x00001c48                gpt11_capture_compare_int_a_isr
                0x00001c48                gpt11_compare_int_f_isr
                0x00001c48                gpt1_compare_int_e_isr
                0x00001c48                port9_irq_isr
                0x00001c48                ctsu_ctsurd_isr
                0x00001c48                tsip_integrate_rdrdy_n_isr
                0x00001c48                pdc_pceri_isr
                0x00001c48                sci2_eri_isr
                0x00001c48                rspi1_sp_elctend_isr
                0x00001c48                pdc_pcfei_isr
                0x00001c48                jpeg_jdti_isr
                0x00001c48                gpt13_capture_compare_int_b_isr
                0x00001c48                ether_ether0_rise_isr
                0x00001c48                usbhs_usbir_isr
                0x00001c48                gpt7_ad_trig_b_isr
                0x00001c48                gpt9_ad_trig_b_isr
                0x00001c48                ether_eint1_isr
                0x00001c48                gpt13_ad_trig_a_isr
                0x00001c48                gpt12_capture_compare_int_a_isr
                0x00001c48                gpt1_counter_overflow_isr
                0x00001c48                rcan20_rxf_isr
                0x00001c48                sci6_tei_isr
                0x00001c48                Default_Handler
                0x00001c48                gpt5_capture_compare_int_a_isr
                0x00001c48                comp_rd5_comp_irq_isr
                0x00001c48                ssi0_ssitxi_isr
                0x00001c48                rspi1_spri_isr
                0x00001c48                gpt10_compare_int_c_isr
                0x00001c48                sci0_txi_isr
                0x00001c48                gpt7_compare_int_e_isr
                0x00001c48                sci3_tei_isr
                0x00001c48                gpt5_compare_int_f_isr
                0x00001c48                sci6_am_isr
                0x00001c48                gpt8_compare_int_c_isr
                0x00001c48                ether_ether3_rise_isr
                0x00001c48                src_cef_isr
                0x00001c48                riic2_tei_isr
                0x00001c48                sci1_tei_isr
                0x00001c48                tsip_wrrdy_4_n_isr
                0x00001c48                gpt3_compare_int_f_isr
                0x00001c48                dmac0_dmac_isr
                0x00001c48                agt1_agtcmai_isr
                0x00001c48                gpt7_compare_int_d_isr
                0x00001c48                rspi0_spii_isr
                0x00001c48                gpt10_counter_underflow_isr
                0x00001c48                riic1_eei_isr
                0x00001c48                sci2_rxi_isr
                0x00001c48                sci7_rxi_isr
                0x00001c48                ssi0_ssif_isr
                0x00001c48                gpt3_compare_int_c_isr
                0x00001c48                gpt5_capture_compare_int_b_isr
                0x00001c48                rcan20_ers_isr
                0x00001c48                gpt_uvw_edge_isr
                0x00001c48                sci8_eri_isr
                0x00001c48                gpt5_compare_int_d_isr
                0x00001c48                sci0_am_isr
                0x00001c48                gpt11_compare_int_e_isr
                0x00001c48                gpt13_counter_overflow_isr
                0x00001c48                dmac1_dmac_isr
                0x00001c48                riic0_txi_isr
                0x00001c48                s12ad1_compare_match_isr
                0x00001c48                MemManage_Handler
                0x00001c48                sci4_am_isr
                0x00001c48                port4_irq_isr
                0x00001c48                rspi1_spii_isr
                0x00001c48                dtc_dtc_end_isr
                0x00001c48                port8_irq_isr
                0x00001c48                sci3_eri_isr
                0x00001c48                tsip_test_busy_n_isr
                0x00001c48                gpt8_ad_trig_b_isr
                0x00001c48                SVC_Handler
                0x00001c48                riic1_txi_isr
                0x00001c48                dmac5_dmac_isr
                0x00001c48                poeg_group_event1_isr
                0x00001c48                sci8_am_isr
                0x00001c48                gpt12_counter_overflow_isr
                0x00001c48                src_idei_isr
                0x00001c48                cpusys_snooze_mode_entry_flag_isr
                0x00001c48                sci4_txi_isr
                0x00001c48                rcan20_rxm_isr
                0x00001c48                gpt0_capture_compare_int_a_isr
                0x00001c48                lvd1_lvd1_isr
                0x00001c48                port12_irq_isr
                0x00001c48                rcan21_rxf_isr
                0x00001c48                gpt2_counter_overflow_isr
                0x00001c48                gpt8_compare_int_d_isr
                0x00001c48                ssi1_ssirxi_isr
                0x00001c48                s12ad0_adi_isr
                0x00001c48                gpt0_compare_int_c_isr
                0x00001c48                gpt6_counter_overflow_isr
                0x00001c48                port10_irq_isr
                0x00001c48                gpt2_compare_int_e_isr
                0x00001c48                gpt7_compare_int_f_isr
                0x00001c48                s12ad0_cmpbi_isr
                0x00001c48                rcan20_txm_isr
                0x00001c48                sci0_eri_isr
                0x00001c48                gpt0_ad_trig_b_isr
                0x00001c48                tsip_wrrdy_1_n_isr
                0x00001c48                port3_irq_isr
                0x00001c48                agt1_agtcmbi_isr
                0x00001c48                agt1_agti_isr
                0x00001c48                gpt12_compare_int_c_isr
                0x00001c48                gpt13_compare_int_c_isr
                0x00001c48                usbfs_d1fifo_isr
                0x00001c48                ether_ether4_fall_isr
                0x00001c48                gpt6_capture_compare_int_a_isr
                0x00001c48                ether_ether3_fall_isr
                0x00001c48                ssi0_ssirt_isr
                0x00001c48                gpt4_ad_trig_a_isr
                0x00001c48                gpt10_ad_trig_a_isr
                0x00001c48                gpt7_capture_compare_int_b_isr
                0x00001c48                gpt10_compare_int_d_isr
                0x00001c48                src_udf_isr
                0x00001c48                sci1_rxi_isr
                0x00001c48                gpt9_compare_int_d_isr
                0x00001c48                ether_ether1_rise_isr
                0x00001c48                gpt10_capture_compare_int_b_isr
                0x00001c48                sci5_am_isr
                0x00001c48                ether_ether1_fall_isr
                0x00001c48                gpt0_compare_int_d_isr
                0x00001c48                dmac2_dmac_isr
                0x00001c48                gpt4_compare_int_e_isr
                0x00001c48                tsip_integrate_wrrdy_n_isr
                0x00001c48                gpt9_ad_trig_a_isr
                0x00001c48                tsip_proc_busy_n_isr
                0x00001c48                ether_ether0_fall_isr
                0x00001c48                gpt8_compare_int_e_isr
                0x00001c48                gpt9_capture_compare_int_b_isr
                0x00001c48                riic1_rxi_isr
                0x00001c48                dmac4_dmac_isr
                0x00001c48                poeg_group_event0_isr
                0x00001c48                ssi1_ssif_isr
                0x00001c48                gpt10_compare_int_e_isr
                0x00001c48                gpt6_counter_underflow_isr
                0x00001c48                fcu_frdyi_isr
                0x00001c48                sci7_tei_isr
                0x00001c48                gpt12_ad_trig_b_isr
                0x00001c48                s12ad0_gbadi_isr
                0x00001c48                gpt13_counter_underflow_isr
                0x00001c48                gpt9_capture_compare_int_a_isr
                0x00001c48                icu_canceling_snooze_mode_isr
                0x00001c48                gpt11_compare_int_c_isr
                0x00001c48                port7_irq_isr
                0x00001c48                tsip_wrrdy_0_n_isr
                0x00001c48                port14_irq_isr
                0x00001c48                ether_ether4_rise_isr
                0x00001c48                gpt5_compare_int_e_isr
                0x00001c48                gpt3_capture_compare_int_b_isr
                0x00001c48                rspi0_spri_isr
                0x00001c48                sci5_txi_isr
                0x00001c48                s12ad0_compare_match_isr
                0x00001c48                gpt9_compare_int_c_isr
                0x00001c48                rcan20_txf_isr
                0x00001c48                tsip_romok_n_isr
                0x00001c48                gpt3_ad_trig_a_isr
                0x00001c48                gpt6_compare_int_e_isr
                0x00001c48                gpt8_counter_underflow_isr
                0x00001c48                gpt6_compare_int_d_isr
                0x00001c48                s12ad1_adi_isr
                0x00001c48                key_intkr_isr
                0x00001c48                fcu_fiferr_isr
                0x00001c48                sci2_txi_isr
                0x00001c48                sci6_rxi_isr
                0x00001c48                rspi1_spei_isr
                0x00001c48                ether_ipls_isr
                0x00001c48                sci1_txi_isr
                0x00001c48                gpt11_capture_compare_int_b_isr
                0x00001c48                gpt3_counter_underflow_isr
                0x00001c48                gpt1_compare_int_c_isr
                0x00001c48                gpt5_compare_int_c_isr
                0x00001c48                port2_irq_isr
                0x00001c48                gpt0_ad_trig_a_isr
                0x00001c48                riic0_wui_isr
                0x00001c48                sci1_am_isr
                0x00001c48                BusFault_Handler
                0x00001c48                gpt7_ad_trig_a_isr
                0x00001c48                gpt12_compare_int_d_isr
                0x00001c48                gpt5_counter_underflow_isr
                0x00001c48                sci6_eri_isr
                0x00001c48                usbhs_d1fifo_isr
                0x00001c48                ssi0_ssirxi_isr
                0x00001c48                gpt5_ad_trig_a_isr
                0x00001c48                gpt10_compare_int_f_isr
                0x00001c48                riic0_eei_isr
                0x00001c48                gpt2_compare_int_d_isr
                0x00001c48                sci8_rxi_isr
                0x00001c48                gpt6_capture_compare_int_b_isr
                0x00001c48                sci2_am_isr
                0x00001c48                lcdc_lcdc_level_2_isr
                0x00001c48                sci3_rxi_isr
                0x00001c48                agt0_agtcmbi_isr
                0x00001c48                port11_irq_isr
                0x00001c48                gpt10_capture_compare_int_a_isr
                0x00001c48                s12ad1_cmpai_isr
                0x00001c48                sci9_txi_isr
                0x00001c48                ctsu_ctsuwr_isr
                0x00001c48                gpt4_compare_int_d_isr
                0x00001c48                gpt7_capture_compare_int_a_isr
                0x00001c48                comp_rd3_comp_irq_isr
                0x00001c48                pdc_pcdfi_isr
                0x00001c48                cac_ferrf_isr
                0x00001c48                sci7_eri_isr
                0x00001c48                exdmac1_exdmac_isr
                0x00001c48                gpt7_compare_int_c_isr
                0x00001c48                agt0_agti_isr
                0x00001c48                ether_ether2_fall_isr
                0x00001c48                sdhi_mmc0_accs_isr
                0x00001c48                sci4_tei_isr
                0x00001c48                rcan21_rxm_isr
                0x00001c48                port5_irq_isr
                0x00001c48                gpt2_counter_underflow_isr
                0x00001c48                qspi_intr_isr
                0x00001c48                sci3_am_isr
 .text.Reset_Handler
                0x00001c4c        0xc ./synergy/ssp/src/bsp/cmsis/Device/RENESAS/S7G2/Source/startup_S7G2.o
                0x00001c4c                Reset_Handler
 .text.R_BSP_WarmStart
                0x00001c58        0x4 ./synergy/ssp/src/bsp/cmsis/Device/RENESAS/S7G2/Source/system_S7G2.o
                0x00001c58                R_BSP_WarmStart
 .text.SystemInit
                0x00001c5c       0xb0 ./synergy/ssp/src/bsp/cmsis/Device/RENESAS/S7G2/Source/system_S7G2.o
                0x00001c5c                SystemInit
 .text.bsp_init
                0x00001d0c       0x10 ./synergy/ssp/src/bsp/board/s7g2_dk/bsp_init.o
                0x00001d0c                bsp_init
 .text.bsp_qspi_xip_enter
                0x00001d1c       0xcc ./synergy/ssp/src/bsp/board/s7g2_dk/bsp_qspi.o
                0x00001d1c                bsp_qspi_xip_enter
 .text.bsp_qspi_init
                0x00001de8      0x1d0 ./synergy/ssp/src/bsp/board/s7g2_dk/bsp_qspi.o
                0x00001de8                bsp_qspi_init
 .text.bsp_sdram_init
                0x00001fb8      0x140 ./synergy/ssp/src/bsp/board/s7g2_dk/bsp_sdram.o
                0x00001fb8                bsp_sdram_init
 .text.startup.main
                0x000020f8        0xc ./src/synergy_gen/main.o
                0x000020f8                main
 *fill*         0x00002104        0x4 ff
 .text.hal_entry
                0x00002108       0x40 ./src/hal_entry.o
                0x00002108                hal_entry
 .text          0x00002148      0x370 c:/program files (x86)/gnu tools arm embedded/4.8 2014q3/bin/../lib/gcc/arm-none-eabi/4.8.4/armv7e-m/fpu\libgcc.a(_arm_addsubdf3.o)
                0x00002148                __aeabi_drsub
                0x00002150                __aeabi_dsub
                0x00002150                __subdf3
                0x00002154                __aeabi_dadd
                0x00002154                __adddf3
                0x000023cc                __floatunsidf
                0x000023cc                __aeabi_ui2d
                0x000023ec                __floatsidf
                0x000023ec                __aeabi_i2d
                0x00002410                __aeabi_f2d
                0x00002410                __extendsfdf2
                0x0000244c                __floatundidf
                0x0000244c                __aeabi_ul2d
                0x0000245c                __floatdidf
                0x0000245c                __aeabi_l2d
 .text          0x000024b8      0x110 c:/program files (x86)/gnu tools arm embedded/4.8 2014q3/bin/../lib/gcc/arm-none-eabi/4.8.4/armv7e-m/fpu\libgcc.a(_arm_cmpdf2.o)
                0x000024b8                __gtdf2
                0x000024b8                __gedf2
                0x000024c0                __ltdf2
                0x000024c0                __ledf2
                0x000024c8                __nedf2
                0x000024c8                __eqdf2
                0x000024c8                __cmpdf2
                0x00002544                __aeabi_cdrcmple
                0x00002554                __aeabi_cdcmpeq
                0x00002554                __aeabi_cdcmple
                0x00002564                __aeabi_dcmpeq
                0x00002578                __aeabi_dcmplt
                0x0000258c                __aeabi_dcmple
                0x000025a0                __aeabi_dcmpge
                0x000025b4                __aeabi_dcmpgt
 .text.startup.register_fini
                0x000025c8       0x14 c:/program files (x86)/gnu tools arm embedded/4.8 2014q3/bin/../lib/gcc/arm-none-eabi/4.8.4/../../../../arm-none-eabi/lib/armv7e-m/fpu\libg.a(lib_a-__call_atexit.o)
 .text.atexit   0x000025dc        0xc c:/program files (x86)/gnu tools arm embedded/4.8 2014q3/bin/../lib/gcc/arm-none-eabi/4.8.4/../../../../arm-none-eabi/lib/armv7e-m/fpu\libg.a(lib_a-atexit.o)
                0x000025dc                atexit
 .text.__libc_fini_array
                0x000025e8       0x30 c:/program files (x86)/gnu tools arm embedded/4.8 2014q3/bin/../lib/gcc/arm-none-eabi/4.8.4/../../../../arm-none-eabi/lib/armv7e-m/fpu\libg.a(lib_a-fini.o)
                0x000025e8                __libc_fini_array
 .text.__register_exitproc
                0x00002618       0xa8 c:/program files (x86)/gnu tools arm embedded/4.8 2014q3/bin/../lib/gcc/arm-none-eabi/4.8.4/../../../../arm-none-eabi/lib/armv7e-m/fpu\libg.a(lib_a-__atexit.o)
                0x00002618                __register_exitproc
 *(.init)
 .init          0x000026c0        0x4 c:/program files (x86)/gnu tools arm embedded/4.8 2014q3/bin/../lib/gcc/arm-none-eabi/4.8.4/armv7e-m/fpu/crti.o
                0x000026c0                _init
 .init          0x000026c4        0x8 c:/program files (x86)/gnu tools arm embedded/4.8 2014q3/bin/../lib/gcc/arm-none-eabi/4.8.4/armv7e-m/fpu/crtn.o
 *(.fini)
 .fini          0x000026cc        0x4 c:/program files (x86)/gnu tools arm embedded/4.8 2014q3/bin/../lib/gcc/arm-none-eabi/4.8.4/armv7e-m/fpu/crti.o
                0x000026cc                _fini
 .fini          0x000026d0        0x8 c:/program files (x86)/gnu tools arm embedded/4.8 2014q3/bin/../lib/gcc/arm-none-eabi/4.8.4/armv7e-m/fpu/crtn.o
 *crtbegin.o(.ctors)
 *crtbegin?.o(.ctors)
 *(EXCLUDE_FILE(*crtend.o *crtend?.o) .ctors)
 *(SORT(.ctors.*))
 *(.ctors)
 *crtbegin.o(.dtors)
 *crtbegin?.o(.dtors)
 *(EXCLUDE_FILE(*crtend.o *crtend?.o) .dtors)
 *(SORT(.dtors.*))
 *(.dtors)
 *(.rodata*)
 .rodata.g_ioport_on_ioport
                0x000026d8       0x38 ./synergy/ssp/src/driver/r_ioport/r_ioport.o
                0x000026d8                g_ioport_on_ioport
 .rodata.g_elc_on_elc
                0x00002710       0x1c ./synergy/ssp/src/driver/r_elc/r_elc.o
                0x00002710                g_elc_on_elc
 .rodata.s_elc_version
                0x0000272c        0x4 ./synergy/ssp/src/driver/r_elc/r_elc.o
 .rodata.g_pllccr_div_value
                0x00002730        0x8 ./synergy/ssp/src/driver/r_cgc/hw/hw_cgc.o
 .rodata.g_pllccr_div_setting
                0x00002738        0x8 ./synergy/ssp/src/driver/r_cgc/hw/hw_cgc.o
 .rodata.g_pllccr_src_setting
                0x00002740        0x8 ./synergy/ssp/src/driver/r_cgc/hw/hw_cgc.o
 .rodata.g_cgc_on_cgc
                0x00002748       0x5c ./synergy/ssp/src/driver/r_cgc/r_cgc.o
                0x00002748                g_cgc_on_cgc
 .rodata.g_cgc_version
                0x000027a4        0x4 ./synergy/ssp/src/driver/r_cgc/r_cgc.o
 .rodata.g_prcr_masks
                0x000027a8        0x8 ./synergy/ssp/src/bsp/mcu/s7g2/bsp_register_protection.o
 .rodata.g_vbatt_pins_input
                0x000027b0        0x8 ./synergy/ssp/src/bsp/mcu/s7g2/bsp_vbatt.o
 .rodata.g_bsp_pin_cfg
                0x000027b8        0x8 ./synergy/ssp/src/bsp/cmsis/Device/RENESAS/S7G2/Source/system_S7G2.o
                0x000027b8                g_bsp_pin_cfg
 .rodata.g_bsp_pin_cfg_data
                0x000027c0      0x560 ./synergy/ssp/src/bsp/cmsis/Device/RENESAS/S7G2/Source/system_S7G2.o
                0x000027c0                g_bsp_pin_cfg_data
 .rodata.g_elc_cfg
                0x00002d20        0xc ./synergy/ssp/src/bsp/cmsis/Device/RENESAS/S7G2/Source/system_S7G2.o
 .rodata.g_ioport
                0x00002d2c        0x8 ./src/synergy_gen/hal_data.o
                0x00002d2c                g_ioport
 .rodata.str1.4
                0x00002d34        0x4 c:/program files (x86)/gnu tools arm embedded/4.8 2014q3/bin/../lib/gcc/arm-none-eabi/4.8.4/../../../../arm-none-eabi/lib/armv7e-m/fpu\libg.a(lib_a-impure.o)
 .rodata._global_impure_ptr
                0x00002d38        0x4 c:/program files (x86)/gnu tools arm embedded/4.8 2014q3/bin/../lib/gcc/arm-none-eabi/4.8.4/../../../../arm-none-eabi/lib/armv7e-m/fpu\libg.a(lib_a-impure.o)
                0x00002d38                _global_impure_ptr
 *(.eh_frame*)
 .eh_frame      0x00002d3c        0x0 c:/program files (x86)/gnu tools arm embedded/4.8 2014q3/bin/../lib/gcc/arm-none-eabi/4.8.4/armv7e-m/fpu/crtbegin.o
 .eh_frame      0x00002d3c        0x4 c:/program files (x86)/gnu tools arm embedded/4.8 2014q3/bin/../lib/gcc/arm-none-eabi/4.8.4/armv7e-m/fpu/crtend.o
                0x00002d40                __ROM_End = .

.glue_7         0x00002d40        0x0
 .glue_7        0x00000000        0x0 linker stubs

.glue_7t        0x00002d40        0x0
 .glue_7t       0x00000000        0x0 linker stubs

.vfp11_veneer   0x00002d40        0x0
 .vfp11_veneer  0x00000000        0x0 linker stubs

.v4_bx          0x00002d40        0x0
 .v4_bx         0x00000000        0x0 linker stubs

.iplt           0x00002d40        0x0
 .iplt          0x00000000        0x0 c:/program files (x86)/gnu tools arm embedded/4.8 2014q3/bin/../lib/gcc/arm-none-eabi/4.8.4/armv7e-m/fpu/crtbegin.o

.rel.dyn        0x00002d40        0x0
 .rel.iplt      0x00000000        0x0 c:/program files (x86)/gnu tools arm embedded/4.8 2014q3/bin/../lib/gcc/arm-none-eabi/4.8.4/armv7e-m/fpu/crtbegin.o

.ARM.extab
 *(.ARM.extab* .gnu.linkonce.armextab.*)
                0x00002d40                __exidx_start = .

.ARM.exidx
 *(.ARM.exidx* .gnu.linkonce.armexidx.*)
                0x00002d40                __exidx_end = .
                0x00002d40                __etext = .

.data           0x1ffe0000      0x438 load address 0x00002d40
                0x1ffe0000                __data_start__ = .
 *(vtable)
 *(.data*)
 .data.impure_data
                0x1ffe0000      0x428 c:/program files (x86)/gnu tools arm embedded/4.8 2014q3/bin/../lib/gcc/arm-none-eabi/4.8.4/../../../../arm-none-eabi/lib/armv7e-m/fpu\libg.a(lib_a-impure.o)
                0x1ffe0428                . = ALIGN (0x4)
                0x1ffe0428                PROVIDE (__preinit_array_start, .)
 *(.preinit_array)
                0x1ffe0428                PROVIDE (__preinit_array_end, .)
                0x1ffe0428                . = ALIGN (0x4)
                0x1ffe0428                PROVIDE (__init_array_start, .)
 *(SORT(.init_array.*))
 .init_array.00000
                0x1ffe0428        0x4 c:/program files (x86)/gnu tools arm embedded/4.8 2014q3/bin/../lib/gcc/arm-none-eabi/4.8.4/../../../../arm-none-eabi/lib/armv7e-m/fpu\libg.a(lib_a-__call_atexit.o)
 *(.init_array)
 .init_array    0x1ffe042c        0x4 c:/program files (x86)/gnu tools arm embedded/4.8 2014q3/bin/../lib/gcc/arm-none-eabi/4.8.4/armv7e-m/fpu/crtbegin.o
                0x1ffe0430                PROVIDE (__init_array_end, .)
                0x1ffe0430                . = ALIGN (0x4)
                0x1ffe0430                PROVIDE (__fini_array_start, .)
 *(SORT(.fini_array.*))
 *(.fini_array)
 .fini_array    0x1ffe0430        0x4 c:/program files (x86)/gnu tools arm embedded/4.8 2014q3/bin/../lib/gcc/arm-none-eabi/4.8.4/armv7e-m/fpu/crtbegin.o
                0x1ffe0434                PROVIDE (__fini_array_end, .)
 *(.jcr*)
 .jcr           0x1ffe0434        0x0 c:/program files (x86)/gnu tools arm embedded/4.8 2014q3/bin/../lib/gcc/arm-none-eabi/4.8.4/armv7e-m/fpu/crtbegin.o
 .jcr           0x1ffe0434        0x4 c:/program files (x86)/gnu tools arm embedded/4.8 2014q3/bin/../lib/gcc/arm-none-eabi/4.8.4/armv7e-m/fpu/crtend.o
                0x1ffe0438                . = ALIGN (0x4)
                0x1ffe0438                __Code_In_RAM_Start = .
 *(.code_in_ram*)
                0x1ffe0438                __Code_In_RAM_End = .
                0x1ffe0438                __data_end__ = .

.igot.plt       0x1ffe0438        0x0 load address 0x00003178
 .igot.plt      0x00000000        0x0 c:/program files (x86)/gnu tools arm embedded/4.8 2014q3/bin/../lib/gcc/arm-none-eabi/4.8.4/armv7e-m/fpu/crtbegin.o

.qspi_retentive
                0x60000000        0x0
                0x60000000                __qspi_retentive_start__ = .
 *(.qspi_retentive*)
                0x60000000                __qspi_retentive_end__ = .
                0x00000000                __qspi_retentive_size__ = (__qspi_retentive_end__ - __qspi_retentive_start__)
                0x00003178                __qspi_flash_code_addr__ = (__etext + (__data_end__ - __data_start__))

.qspi_flash     0x60000000        0x0 load address 0x00003178
                0x60000000                __qspi_flash_start__ = .
 *(.qspi_flash*)
                0x60000000                __qspi_flash_end__ = .
                0x00000000                __qspi_flash_code_size__ = (__qspi_flash_end__ - __qspi_flash_start__)
                0x04000000                __qspi_region_max_size__ = 0x4000000
                0x60000000                __qspi_region_start_address__ = __qspi_flash_start__
                0x64000000                __qspi_region_end_address__ = (__qspi_flash_start__ + __qspi_region_max_size__)

.noinit         0x1ffe0438       0x18 load address 0x00003178
                0x1ffe0438                . = ALIGN (0x4)
                0x1ffe0438                __noinit_start = .
 *(.noinit*)
 .noinit        0x1ffe0438       0x18 ./synergy/ssp/src/driver/r_cgc/hw/hw_cgc.o
                0x1ffe0450                __noinit_end = .

.bss            0x1ffe0450       0xe0 load address 0x00003190
                0x1ffe0450                . = ALIGN (0x4)
                0x1ffe0450                __bss_start__ = .
 *(.bss*)
 .bss           0x1ffe0450       0x1c c:/program files (x86)/gnu tools arm embedded/4.8 2014q3/bin/../lib/gcc/arm-none-eabi/4.8.4/armv7e-m/fpu/crtbegin.o
 .bss.g_bsp_group_irq_sources
                0x1ffe046c       0x30 ./synergy/ssp/src/bsp/mcu/s7g2/bsp_group_irq.o
 .bss.g_bsp_locks
                0x1ffe049c       0x78 ./synergy/ssp/src/bsp/mcu/s7g2/bsp_locking.o
 .bss.g_protect_counters
                0x1ffe0514        0x8 ./synergy/ssp/src/bsp/mcu/s7g2/bsp_register_protection.o
 .bss.device_characteristics
                0x1ffe051c        0x4 ./synergy/ssp/src/bsp/board/s7g2_dk/bsp_qspi.o
 .bss.flag_status
                0x1ffe0520        0x4 ./synergy/ssp/src/bsp/board/s7g2_dk/bsp_qspi.o
 .bss.volatile_cfg
                0x1ffe0524        0x4 ./synergy/ssp/src/bsp/board/s7g2_dk/bsp_qspi.o
 .bss.nv_cfg    0x1ffe0528        0x4 ./synergy/ssp/src/bsp/board/s7g2_dk/bsp_qspi.o
 *(COMMON)
 COMMON         0x1ffe052c        0x4 ./synergy/ssp/src/bsp/cmsis/Device/RENESAS/S7G2/Source/system_S7G2.o
                0x1ffe052c                SystemCoreClock
                0x1ffe0530                . = ALIGN (0x4)
                0x1ffe0530                __bss_end__ = .

.heap           0x1ffe0530      0x400 load address 0x00003270
                0x1ffe0530                __HeapBase = .
                0x1ffe0530                __end__ = .
                0x1ffe0530                end = __end__
 *(.heap*)
 .heap          0x1ffe0530      0x400 ./synergy/ssp/src/bsp/cmsis/Device/RENESAS/S7G2/Source/startup_S7G2.o
                0x1ffe0930                __HeapLimit = .

.stack_dummy    0x1ffe0930     0x1000 load address 0x00003670
                0x1ffe0930                __StackLimit = .
 *(.stack*)
 .stack         0x1ffe0930     0x1000 ./synergy/ssp/src/bsp/cmsis/Device/RENESAS/S7G2/Source/startup_S7G2.o
                0x1ffe1930                __StackTop = .
                0x1ffe1930                PROVIDE (__stack, __StackTop)
                0x1ffe1930                __RAM_segment_used_end__ = ALIGN (__StackTop, 0x4)

.data_flash     0x40100000        0x0
                0x40100000                __Data_Flash_Start = .
 *(.data_flash*)
                0x40100000                __Data_Flash_End = .

.sdram          0x90000000        0x0
                0x90000000                __SDRAM_Start = .
 *(.sdram*)
 *(.frame*)
                0x90000000                __SDRAM_End = .
OUTPUT(DayOne.elf elf32-littlearm)

.ARM.attributes
                0x00000000       0x30
 .ARM.attributes
                0x00000000       0x22 c:/program files (x86)/gnu tools arm embedded/4.8 2014q3/bin/../lib/gcc/arm-none-eabi/4.8.4/armv7e-m/fpu/crti.o
 .ARM.attributes
                0x00000022       0x34 c:/program files (x86)/gnu tools arm embedded/4.8 2014q3/bin/../lib/gcc/arm-none-eabi/4.8.4/armv7e-m/fpu/crtbegin.o
 .ARM.attributes
                0x00000056       0x39 ./synergy/ssp/src/driver/r_ioport/hw/target/s7g2/hw_ioport_s7g2.o
 .ARM.attributes
                0x0000008f       0x39 ./synergy/ssp/src/driver/r_ioport/r_ioport.o
 .ARM.attributes
                0x000000c8       0x39 ./synergy/ssp/src/driver/r_elc/r_elc.o
 .ARM.attributes
                0x00000101       0x39 ./synergy/ssp/src/driver/r_cgc/hw/hw_cgc.o
 .ARM.attributes
                0x0000013a       0x39 ./synergy/ssp/src/driver/r_cgc/r_cgc.o
 .ARM.attributes
                0x00000173       0x39 ./synergy/ssp/src/bsp/mcu/s7g2/bsp_clocks.o
 .ARM.attributes
                0x000001ac       0x39 ./synergy/ssp/src/bsp/mcu/s7g2/bsp_group_irq.o
 .ARM.attributes
                0x000001e5       0x39 ./synergy/ssp/src/bsp/mcu/s7g2/bsp_irq.o
 .ARM.attributes
                0x0000021e       0x39 ./synergy/ssp/src/bsp/mcu/s7g2/bsp_locking.o
 .ARM.attributes
                0x00000257       0x39 ./synergy/ssp/src/bsp/mcu/s7g2/bsp_register_protection.o
 .ARM.attributes
                0x00000290       0x39 ./synergy/ssp/src/bsp/mcu/s7g2/bsp_rom_registers.o
 .ARM.attributes
                0x000002c9       0x39 ./synergy/ssp/src/bsp/mcu/s7g2/bsp_vbatt.o
 .ARM.attributes
                0x00000302       0x39 ./synergy/ssp/src/bsp/mcu/all/bsp_delay.o
 .ARM.attributes
                0x0000033b       0x39 ./synergy/ssp/src/bsp/cmsis/Device/RENESAS/S7G2/Source/startup_S7G2.o
 .ARM.attributes
                0x00000374       0x39 ./synergy/ssp/src/bsp/cmsis/Device/RENESAS/S7G2/Source/system_S7G2.o
 .ARM.attributes
                0x000003ad       0x39 ./synergy/ssp/src/bsp/board/s7g2_dk/bsp_init.o
 .ARM.attributes
                0x000003e6       0x39 ./synergy/ssp/src/bsp/board/s7g2_dk/bsp_qspi.o
 .ARM.attributes
                0x0000041f       0x39 ./synergy/ssp/src/bsp/board/s7g2_dk/bsp_sdram.o
 .ARM.attributes
                0x00000458       0x39 ./src/synergy_gen/hal_data.o
 .ARM.attributes
                0x00000491       0x39 ./src/synergy_gen/main.o
 .ARM.attributes
                0x000004ca       0x39 ./src/hal_entry.o
 .ARM.attributes
                0x00000503       0x22 c:/program files (x86)/gnu tools arm embedded/4.8 2014q3/bin/../lib/gcc/arm-none-eabi/4.8.4/armv7e-m/fpu\libgcc.a(_arm_addsubdf3.o)
 .ARM.attributes
                0x00000525       0x22 c:/program files (x86)/gnu tools arm embedded/4.8 2014q3/bin/../lib/gcc/arm-none-eabi/4.8.4/armv7e-m/fpu\libgcc.a(_arm_cmpdf2.o)
 .ARM.attributes
                0x00000547       0x34 c:/program files (x86)/gnu tools arm embedded/4.8 2014q3/bin/../lib/gcc/arm-none-eabi/4.8.4/../../../../arm-none-eabi/lib/armv7e-m/fpu\libg.a(lib_a-impure.o)
 .ARM.attributes
                0x0000057b       0x34 c:/program files (x86)/gnu tools arm embedded/4.8 2014q3/bin/../lib/gcc/arm-none-eabi/4.8.4/../../../../arm-none-eabi/lib/armv7e-m/fpu\libg.a(lib_a-__call_atexit.o)
 .ARM.attributes
                0x000005af       0x34 c:/program files (x86)/gnu tools arm embedded/4.8 2014q3/bin/../lib/gcc/arm-none-eabi/4.8.4/../../../../arm-none-eabi/lib/armv7e-m/fpu\libg.a(lib_a-atexit.o)
 .ARM.attributes
                0x000005e3       0x34 c:/program files (x86)/gnu tools arm embedded/4.8 2014q3/bin/../lib/gcc/arm-none-eabi/4.8.4/../../../../arm-none-eabi/lib/armv7e-m/fpu\libg.a(lib_a-fini.o)
 .ARM.attributes
                0x00000617       0x34 c:/program files (x86)/gnu tools arm embedded/4.8 2014q3/bin/../lib/gcc/arm-none-eabi/4.8.4/../../../../arm-none-eabi/lib/armv7e-m/fpu\libg.a(lib_a-__atexit.o)
 .ARM.attributes
                0x0000064b       0x34 c:/program files (x86)/gnu tools arm embedded/4.8 2014q3/bin/../lib/gcc/arm-none-eabi/4.8.4/armv7e-m/fpu/crtend.o
 .ARM.attributes
                0x0000067f       0x22 c:/program files (x86)/gnu tools arm embedded/4.8 2014q3/bin/../lib/gcc/arm-none-eabi/4.8.4/armv7e-m/fpu/crtn.o

.comment        0x00000000       0x70
 .comment       0x00000000       0x70 ./synergy/ssp/src/driver/r_ioport/hw/target/s7g2/hw_ioport_s7g2.o
                                 0x71 (size before relaxing)
 .comment       0x00000000       0x71 ./synergy/ssp/src/driver/r_ioport/r_ioport.o
 .comment       0x00000000       0x71 ./synergy/ssp/src/driver/r_elc/r_elc.o
 .comment       0x00000000       0x71 ./synergy/ssp/src/driver/r_cgc/hw/hw_cgc.o
 .comment       0x00000000       0x71 ./synergy/ssp/src/driver/r_cgc/r_cgc.o
 .comment       0x00000000       0x71 ./synergy/ssp/src/bsp/mcu/s7g2/bsp_clocks.o
 .comment       0x00000000       0x71 ./synergy/ssp/src/bsp/mcu/s7g2/bsp_group_irq.o
 .comment       0x00000000       0x71 ./synergy/ssp/src/bsp/mcu/s7g2/bsp_irq.o
 .comment       0x00000000       0x71 ./synergy/ssp/src/bsp/mcu/s7g2/bsp_locking.o
 .comment       0x00000000       0x71 ./synergy/ssp/src/bsp/mcu/s7g2/bsp_register_protection.o
 .comment       0x00000000       0x71 ./synergy/ssp/src/bsp/mcu/s7g2/bsp_rom_registers.o
 .comment       0x00000000       0x71 ./synergy/ssp/src/bsp/mcu/s7g2/bsp_vbatt.o
 .comment       0x00000000       0x71 ./synergy/ssp/src/bsp/mcu/all/bsp_delay.o
 .comment       0x00000000       0x71 ./synergy/ssp/src/bsp/cmsis/Device/RENESAS/S7G2/Source/startup_S7G2.o
 .comment       0x00000000       0x71 ./synergy/ssp/src/bsp/cmsis/Device/RENESAS/S7G2/Source/system_S7G2.o
 .comment       0x00000000       0x71 ./synergy/ssp/src/bsp/board/s7g2_dk/bsp_init.o
 .comment       0x00000000       0x71 ./synergy/ssp/src/bsp/board/s7g2_dk/bsp_qspi.o
 .comment       0x00000000       0x71 ./synergy/ssp/src/bsp/board/s7g2_dk/bsp_sdram.o
 .comment       0x00000000       0x71 ./src/synergy_gen/hal_data.o
 .comment       0x00000000       0x71 ./src/synergy_gen/main.o
 .comment       0x00000000       0x71 ./src/hal_entry.o

.debug_info     0x00000000    0x176e6
 .debug_info    0x00000000     0x11a1 ./synergy/ssp/src/driver/r_ioport/hw/target/s7g2/hw_ioport_s7g2.o
 .debug_info    0x000011a1     0x1545 ./synergy/ssp/src/driver/r_ioport/r_ioport.o
 .debug_info    0x000026e6     0x1990 ./synergy/ssp/src/driver/r_elc/r_elc.o
 .debug_info    0x00004076     0x3477 ./synergy/ssp/src/driver/r_cgc/hw/hw_cgc.o
 .debug_info    0x000074ed     0x1740 ./synergy/ssp/src/driver/r_cgc/r_cgc.o
 .debug_info    0x00008c2d      0xc35 ./synergy/ssp/src/bsp/mcu/s7g2/bsp_clocks.o
 .debug_info    0x00009862     0x107a ./synergy/ssp/src/bsp/mcu/s7g2/bsp_group_irq.o
 .debug_info    0x0000a8dc      0xa83 ./synergy/ssp/src/bsp/mcu/s7g2/bsp_irq.o
 .debug_info    0x0000b35f      0xa81 ./synergy/ssp/src/bsp/mcu/s7g2/bsp_locking.o
 .debug_info    0x0000bde0     0x1ce9 ./synergy/ssp/src/bsp/mcu/s7g2/bsp_register_protection.o
 .debug_info    0x0000dac9       0xd2 ./synergy/ssp/src/bsp/mcu/s7g2/bsp_rom_registers.o
 .debug_info    0x0000db9b     0x238b ./synergy/ssp/src/bsp/mcu/s7g2/bsp_vbatt.o
 .debug_info    0x0000ff26      0x1ad ./synergy/ssp/src/bsp/mcu/all/bsp_delay.o
 .debug_info    0x000100d3      0x17c ./synergy/ssp/src/bsp/cmsis/Device/RENESAS/S7G2/Source/startup_S7G2.o
 .debug_info    0x0001024f     0x1ebe ./synergy/ssp/src/bsp/cmsis/Device/RENESAS/S7G2/Source/system_S7G2.o
 .debug_info    0x0001210d       0xe6 ./synergy/ssp/src/bsp/board/s7g2_dk/bsp_init.o
 .debug_info    0x000121f3     0x1278 ./synergy/ssp/src/bsp/board/s7g2_dk/bsp_qspi.o
 .debug_info    0x0001346b     0x15f0 ./synergy/ssp/src/bsp/board/s7g2_dk/bsp_sdram.o
 .debug_info    0x00014a5b     0x1f11 ./src/synergy_gen/hal_data.o
 .debug_info    0x0001696c       0x5b ./src/synergy_gen/main.o
 .debug_info    0x000169c7      0xd1f ./src/hal_entry.o

.debug_abbrev   0x00000000     0x29d9
 .debug_abbrev  0x00000000      0x38b ./synergy/ssp/src/driver/r_ioport/hw/target/s7g2/hw_ioport_s7g2.o
 .debug_abbrev  0x0000038b      0x2be ./synergy/ssp/src/driver/r_ioport/r_ioport.o
 .debug_abbrev  0x00000649      0x2b1 ./synergy/ssp/src/driver/r_elc/r_elc.o
 .debug_abbrev  0x000008fa      0x452 ./synergy/ssp/src/driver/r_cgc/hw/hw_cgc.o
 .debug_abbrev  0x00000d4c      0x2de ./synergy/ssp/src/driver/r_cgc/r_cgc.o
 .debug_abbrev  0x0000102a      0x237 ./synergy/ssp/src/bsp/mcu/s7g2/bsp_clocks.o
 .debug_abbrev  0x00001261      0x26e ./synergy/ssp/src/bsp/mcu/s7g2/bsp_group_irq.o
 .debug_abbrev  0x000014cf      0x1a1 ./synergy/ssp/src/bsp/mcu/s7g2/bsp_irq.o
 .debug_abbrev  0x00001670      0x23c ./synergy/ssp/src/bsp/mcu/s7g2/bsp_locking.o
 .debug_abbrev  0x000018ac      0x17b ./synergy/ssp/src/bsp/mcu/s7g2/bsp_register_protection.o
 .debug_abbrev  0x00001a27       0x76 ./synergy/ssp/src/bsp/mcu/s7g2/bsp_rom_registers.o
 .debug_abbrev  0x00001a9d      0x21b ./synergy/ssp/src/bsp/mcu/s7g2/bsp_vbatt.o
 .debug_abbrev  0x00001cb8      0x10d ./synergy/ssp/src/bsp/mcu/all/bsp_delay.o
 .debug_abbrev  0x00001dc5      0x105 ./synergy/ssp/src/bsp/cmsis/Device/RENESAS/S7G2/Source/startup_S7G2.o
 .debug_abbrev  0x00001eca      0x278 ./synergy/ssp/src/bsp/cmsis/Device/RENESAS/S7G2/Source/system_S7G2.o
 .debug_abbrev  0x00002142       0xbd ./synergy/ssp/src/bsp/board/s7g2_dk/bsp_init.o
 .debug_abbrev  0x000021ff      0x323 ./synergy/ssp/src/bsp/board/s7g2_dk/bsp_qspi.o
 .debug_abbrev  0x00002522      0x16e ./synergy/ssp/src/bsp/board/s7g2_dk/bsp_sdram.o
 .debug_abbrev  0x00002690      0x181 ./src/synergy_gen/hal_data.o
 .debug_abbrev  0x00002811       0x5a ./src/synergy_gen/main.o
 .debug_abbrev  0x0000286b      0x16e ./src/hal_entry.o

.debug_loc      0x00000000     0x28c7
 .debug_loc     0x00000000      0x600 ./synergy/ssp/src/driver/r_ioport/hw/target/s7g2/hw_ioport_s7g2.o
 .debug_loc     0x00000600      0x96e ./synergy/ssp/src/driver/r_ioport/r_ioport.o
 .debug_loc     0x00000f6e      0x158 ./synergy/ssp/src/driver/r_elc/r_elc.o
 .debug_loc     0x000010c6      0x5a8 ./synergy/ssp/src/driver/r_cgc/hw/hw_cgc.o
 .debug_loc     0x0000166e      0x58e ./synergy/ssp/src/driver/r_cgc/r_cgc.o
 .debug_loc     0x00001bfc       0x20 ./synergy/ssp/src/bsp/mcu/s7g2/bsp_clocks.o
 .debug_loc     0x00001c1c      0x38e ./synergy/ssp/src/bsp/mcu/s7g2/bsp_group_irq.o
 .debug_loc     0x00001faa       0x21 ./synergy/ssp/src/bsp/mcu/s7g2/bsp_irq.o
 .debug_loc     0x00001fcb      0x2a4 ./synergy/ssp/src/bsp/mcu/s7g2/bsp_locking.o
 .debug_loc     0x0000226f       0x38 ./synergy/ssp/src/bsp/mcu/s7g2/bsp_register_protection.o
 .debug_loc     0x000022a7      0x13e ./synergy/ssp/src/bsp/mcu/s7g2/bsp_vbatt.o
 .debug_loc     0x000023e5      0x187 ./synergy/ssp/src/bsp/mcu/all/bsp_delay.o
 .debug_loc     0x0000256c       0x72 ./synergy/ssp/src/bsp/cmsis/Device/RENESAS/S7G2/Source/system_S7G2.o
 .debug_loc     0x000025de       0x21 ./synergy/ssp/src/bsp/board/s7g2_dk/bsp_init.o
 .debug_loc     0x000025ff      0x28a ./synergy/ssp/src/bsp/board/s7g2_dk/bsp_qspi.o
 .debug_loc     0x00002889       0x3e ./src/hal_entry.o

.debug_aranges  0x00000000      0x6b8
 .debug_aranges
                0x00000000       0x98 ./synergy/ssp/src/driver/r_ioport/hw/target/s7g2/hw_ioport_s7g2.o
 .debug_aranges
                0x00000098       0x88 ./synergy/ssp/src/driver/r_ioport/r_ioport.o
 .debug_aranges
                0x00000120       0x50 ./synergy/ssp/src/driver/r_elc/r_elc.o
 .debug_aranges
                0x00000170      0x1d8 ./synergy/ssp/src/driver/r_cgc/hw/hw_cgc.o
 .debug_aranges
                0x00000348       0xd0 ./synergy/ssp/src/driver/r_cgc/r_cgc.o
 .debug_aranges
                0x00000418       0x28 ./synergy/ssp/src/bsp/mcu/s7g2/bsp_clocks.o
 .debug_aranges
                0x00000440       0x38 ./synergy/ssp/src/bsp/mcu/s7g2/bsp_group_irq.o
 .debug_aranges
                0x00000478       0x28 ./synergy/ssp/src/bsp/mcu/s7g2/bsp_irq.o
 .debug_aranges
                0x000004a0       0x48 ./synergy/ssp/src/bsp/mcu/s7g2/bsp_locking.o
 .debug_aranges
                0x000004e8       0x30 ./synergy/ssp/src/bsp/mcu/s7g2/bsp_register_protection.o
 .debug_aranges
                0x00000518       0x18 ./synergy/ssp/src/bsp/mcu/s7g2/bsp_rom_registers.o
 .debug_aranges
                0x00000530       0x20 ./synergy/ssp/src/bsp/mcu/s7g2/bsp_vbatt.o
 .debug_aranges
                0x00000550       0x28 ./synergy/ssp/src/bsp/mcu/all/bsp_delay.o
 .debug_aranges
                0x00000578       0x28 ./synergy/ssp/src/bsp/cmsis/Device/RENESAS/S7G2/Source/startup_S7G2.o
 .debug_aranges
                0x000005a0       0x30 ./synergy/ssp/src/bsp/cmsis/Device/RENESAS/S7G2/Source/system_S7G2.o
 .debug_aranges
                0x000005d0       0x20 ./synergy/ssp/src/bsp/board/s7g2_dk/bsp_init.o
 .debug_aranges
                0x000005f0       0x48 ./synergy/ssp/src/bsp/board/s7g2_dk/bsp_qspi.o
 .debug_aranges
                0x00000638       0x20 ./synergy/ssp/src/bsp/board/s7g2_dk/bsp_sdram.o
 .debug_aranges
                0x00000658       0x20 ./src/synergy_gen/hal_data.o
 .debug_aranges
                0x00000678       0x20 ./src/synergy_gen/main.o
 .debug_aranges
                0x00000698       0x20 ./src/hal_entry.o

.debug_ranges   0x00000000      0x9b0
 .debug_ranges  0x00000000       0xf8 ./synergy/ssp/src/driver/r_ioport/hw/target/s7g2/hw_ioport_s7g2.o
 .debug_ranges  0x000000f8       0xc0 ./synergy/ssp/src/driver/r_ioport/r_ioport.o
 .debug_ranges  0x000001b8       0x70 ./synergy/ssp/src/driver/r_elc/r_elc.o
 .debug_ranges  0x00000228      0x2d0 ./synergy/ssp/src/driver/r_cgc/hw/hw_cgc.o
 .debug_ranges  0x000004f8      0x110 ./synergy/ssp/src/driver/r_cgc/r_cgc.o
 .debug_ranges  0x00000608       0x18 ./synergy/ssp/src/bsp/mcu/s7g2/bsp_clocks.o
 .debug_ranges  0x00000620      0x148 ./synergy/ssp/src/bsp/mcu/s7g2/bsp_group_irq.o
 .debug_ranges  0x00000768       0x18 ./synergy/ssp/src/bsp/mcu/s7g2/bsp_irq.o
 .debug_ranges  0x00000780       0x68 ./synergy/ssp/src/bsp/mcu/s7g2/bsp_locking.o
 .debug_ranges  0x000007e8       0x20 ./synergy/ssp/src/bsp/mcu/s7g2/bsp_register_protection.o
 .debug_ranges  0x00000808       0x28 ./synergy/ssp/src/bsp/mcu/s7g2/bsp_vbatt.o
 .debug_ranges  0x00000830       0x18 ./synergy/ssp/src/bsp/mcu/all/bsp_delay.o
 .debug_ranges  0x00000848       0x18 ./synergy/ssp/src/bsp/cmsis/Device/RENESAS/S7G2/Source/startup_S7G2.o
 .debug_ranges  0x00000860       0x20 ./synergy/ssp/src/bsp/cmsis/Device/RENESAS/S7G2/Source/system_S7G2.o
 .debug_ranges  0x00000880       0x10 ./synergy/ssp/src/bsp/board/s7g2_dk/bsp_init.o
 .debug_ranges  0x00000890       0xe0 ./synergy/ssp/src/bsp/board/s7g2_dk/bsp_qspi.o
 .debug_ranges  0x00000970       0x10 ./synergy/ssp/src/bsp/board/s7g2_dk/bsp_sdram.o
 .debug_ranges  0x00000980       0x10 ./src/synergy_gen/hal_data.o
 .debug_ranges  0x00000990       0x10 ./src/synergy_gen/main.o
 .debug_ranges  0x000009a0       0x10 ./src/hal_entry.o

.debug_macro    0x00000000     0x5d9d
 .debug_macro   0x00000000      0x220 ./synergy/ssp/src/driver/r_ioport/hw/target/s7g2/hw_ioport_s7g2.o
 .debug_macro   0x00000220      0x850 ./synergy/ssp/src/driver/r_ioport/hw/target/s7g2/hw_ioport_s7g2.o
 .debug_macro   0x00000a70       0xe8 ./synergy/ssp/src/driver/r_ioport/hw/target/s7g2/hw_ioport_s7g2.o
 .debug_macro   0x00000b58       0x16 ./synergy/ssp/src/driver/r_ioport/hw/target/s7g2/hw_ioport_s7g2.o
 .debug_macro   0x00000b6e       0x44 ./synergy/ssp/src/driver/r_ioport/hw/target/s7g2/hw_ioport_s7g2.o
 .debug_macro   0x00000bb2      0x209 ./synergy/ssp/src/driver/r_ioport/hw/target/s7g2/hw_ioport_s7g2.o
 .debug_macro   0x00000dbb      0x166 ./synergy/ssp/src/driver/r_ioport/hw/target/s7g2/hw_ioport_s7g2.o
 .debug_macro   0x00000f21       0x22 ./synergy/ssp/src/driver/r_ioport/hw/target/s7g2/hw_ioport_s7g2.o
 .debug_macro   0x00000f43       0x58 ./synergy/ssp/src/driver/r_ioport/hw/target/s7g2/hw_ioport_s7g2.o
 .debug_macro   0x00000f9b       0x35 ./synergy/ssp/src/driver/r_ioport/hw/target/s7g2/hw_ioport_s7g2.o
 .debug_macro   0x00000fd0       0xa3 ./synergy/ssp/src/driver/r_ioport/hw/target/s7g2/hw_ioport_s7g2.o
 .debug_macro   0x00001073       0x16 ./synergy/ssp/src/driver/r_ioport/hw/target/s7g2/hw_ioport_s7g2.o
 .debug_macro   0x00001089       0x10 ./synergy/ssp/src/driver/r_ioport/hw/target/s7g2/hw_ioport_s7g2.o
 .debug_macro   0x00001099       0x2e ./synergy/ssp/src/driver/r_ioport/hw/target/s7g2/hw_ioport_s7g2.o
 .debug_macro   0x000010c7       0x2e ./synergy/ssp/src/driver/r_ioport/hw/target/s7g2/hw_ioport_s7g2.o
 .debug_macro   0x000010f5       0x46 ./synergy/ssp/src/driver/r_ioport/hw/target/s7g2/hw_ioport_s7g2.o
 .debug_macro   0x0000113b       0x6a ./synergy/ssp/src/driver/r_ioport/hw/target/s7g2/hw_ioport_s7g2.o
 .debug_macro   0x000011a5      0x9a5 ./synergy/ssp/src/driver/r_ioport/hw/target/s7g2/hw_ioport_s7g2.o
 .debug_macro   0x00001b4a       0x2d ./synergy/ssp/src/driver/r_ioport/hw/target/s7g2/hw_ioport_s7g2.o
 .debug_macro   0x00001b77       0x3b ./synergy/ssp/src/driver/r_ioport/hw/target/s7g2/hw_ioport_s7g2.o
 .debug_macro   0x00001bb2       0x34 ./synergy/ssp/src/driver/r_ioport/hw/target/s7g2/hw_ioport_s7g2.o
 .debug_macro   0x00001be6       0x26 ./synergy/ssp/src/driver/r_ioport/hw/target/s7g2/hw_ioport_s7g2.o
 .debug_macro   0x00001c0c      0xe43 ./synergy/ssp/src/driver/r_ioport/hw/target/s7g2/hw_ioport_s7g2.o
 .debug_macro   0x00002a4f      0x744 ./synergy/ssp/src/driver/r_ioport/hw/target/s7g2/hw_ioport_s7g2.o
 .debug_macro   0x00003193       0x50 ./synergy/ssp/src/driver/r_ioport/hw/target/s7g2/hw_ioport_s7g2.o
 .debug_macro   0x000031e3       0x16 ./synergy/ssp/src/driver/r_ioport/hw/target/s7g2/hw_ioport_s7g2.o
 .debug_macro   0x000031f9       0x16 ./synergy/ssp/src/driver/r_ioport/hw/target/s7g2/hw_ioport_s7g2.o
 .debug_macro   0x0000320f       0x16 ./synergy/ssp/src/driver/r_ioport/hw/target/s7g2/hw_ioport_s7g2.o
 .debug_macro   0x00003225       0x22 ./synergy/ssp/src/driver/r_ioport/hw/target/s7g2/hw_ioport_s7g2.o
 .debug_macro   0x00003247       0x10 ./synergy/ssp/src/driver/r_ioport/hw/target/s7g2/hw_ioport_s7g2.o
 .debug_macro   0x00003257       0x10 ./synergy/ssp/src/driver/r_ioport/hw/target/s7g2/hw_ioport_s7g2.o
 .debug_macro   0x00003267       0x4c ./synergy/ssp/src/driver/r_ioport/hw/target/s7g2/hw_ioport_s7g2.o
 .debug_macro   0x000032b3      0x236 ./synergy/ssp/src/driver/r_ioport/r_ioport.o
 .debug_macro   0x000034e9       0x52 ./synergy/ssp/src/driver/r_ioport/r_ioport.o
 .debug_macro   0x0000353b      0x234 ./synergy/ssp/src/driver/r_elc/r_elc.o
 .debug_macro   0x0000376f       0x10 ./synergy/ssp/src/driver/r_elc/r_elc.o
 .debug_macro   0x0000377f       0x16 ./synergy/ssp/src/driver/r_elc/r_elc.o
 .debug_macro   0x00003795       0x10 ./synergy/ssp/src/driver/r_elc/r_elc.o
 .debug_macro   0x000037a5       0x10 ./synergy/ssp/src/driver/r_elc/r_elc.o
 .debug_macro   0x000037b5       0x3a ./synergy/ssp/src/driver/r_elc/r_elc.o
 .debug_macro   0x000037ef      0x218 ./synergy/ssp/src/driver/r_cgc/hw/hw_cgc.o
 .debug_macro   0x00003a07       0x28 ./synergy/ssp/src/driver/r_cgc/hw/hw_cgc.o
 .debug_macro   0x00003a2f       0xf4 ./synergy/ssp/src/driver/r_cgc/hw/hw_cgc.o
 .debug_macro   0x00003b23      0x244 ./synergy/ssp/src/driver/r_cgc/r_cgc.o
 .debug_macro   0x00003d67       0x10 ./synergy/ssp/src/driver/r_cgc/r_cgc.o
 .debug_macro   0x00003d77       0x22 ./synergy/ssp/src/driver/r_cgc/r_cgc.o
 .debug_macro   0x00003d99       0xee ./synergy/ssp/src/driver/r_cgc/r_cgc.o
 .debug_macro   0x00003e87      0x20e ./synergy/ssp/src/bsp/mcu/s7g2/bsp_clocks.o
 .debug_macro   0x00004095      0x1ed ./synergy/ssp/src/bsp/mcu/s7g2/bsp_group_irq.o
 .debug_macro   0x00004282      0x1f6 ./synergy/ssp/src/bsp/mcu/s7g2/bsp_irq.o
 .debug_macro   0x00004478      0x1f9 ./synergy/ssp/src/bsp/mcu/s7g2/bsp_locking.o
 .debug_macro   0x00004671      0x1f3 ./synergy/ssp/src/bsp/mcu/s7g2/bsp_register_protection.o
 .debug_macro   0x00004864      0x1f9 ./synergy/ssp/src/bsp/mcu/s7g2/bsp_rom_registers.o
 .debug_macro   0x00004a5d      0x1f3 ./synergy/ssp/src/bsp/mcu/s7g2/bsp_vbatt.o
 .debug_macro   0x00004c50      0x1fd ./synergy/ssp/src/bsp/mcu/all/bsp_delay.o
 .debug_macro   0x00004e4d      0x1f4 ./synergy/ssp/src/bsp/cmsis/Device/RENESAS/S7G2/Source/startup_S7G2.o
 .debug_macro   0x00005041      0x23a ./synergy/ssp/src/bsp/cmsis/Device/RENESAS/S7G2/Source/system_S7G2.o
 .debug_macro   0x0000527b      0x1ed ./synergy/ssp/src/bsp/board/s7g2_dk/bsp_init.o
 .debug_macro   0x00005468      0x229 ./synergy/ssp/src/bsp/board/s7g2_dk/bsp_qspi.o
 .debug_macro   0x00005691      0x251 ./synergy/ssp/src/bsp/board/s7g2_dk/bsp_sdram.o
 .debug_macro   0x000058e2      0x255 ./src/synergy_gen/hal_data.o
 .debug_macro   0x00005b37       0x11 ./src/synergy_gen/main.o
 .debug_macro   0x00005b48      0x255 ./src/hal_entry.o

.debug_line     0x00000000     0xad21
 .debug_line    0x00000000      0xaa9 ./synergy/ssp/src/driver/r_ioport/hw/target/s7g2/hw_ioport_s7g2.o
 .debug_line    0x00000aa9      0xa2a ./synergy/ssp/src/driver/r_ioport/r_ioport.o
 .debug_line    0x000014d3      0x971 ./synergy/ssp/src/driver/r_elc/r_elc.o
 .debug_line    0x00001e44      0xddb ./synergy/ssp/src/driver/r_cgc/hw/hw_cgc.o
 .debug_line    0x00002c1f      0xb04 ./synergy/ssp/src/driver/r_cgc/r_cgc.o
 .debug_line    0x00003723      0x836 ./synergy/ssp/src/bsp/mcu/s7g2/bsp_clocks.o
 .debug_line    0x00003f59      0x810 ./synergy/ssp/src/bsp/mcu/s7g2/bsp_group_irq.o
 .debug_line    0x00004769      0x75a ./synergy/ssp/src/bsp/mcu/s7g2/bsp_irq.o
 .debug_line    0x00004ec3      0x7f2 ./synergy/ssp/src/bsp/mcu/s7g2/bsp_locking.o
 .debug_line    0x000056b5      0x77a ./synergy/ssp/src/bsp/mcu/s7g2/bsp_register_protection.o
 .debug_line    0x00005e2f      0x733 ./synergy/ssp/src/bsp/mcu/s7g2/bsp_rom_registers.o
 .debug_line    0x00006562      0x763 ./synergy/ssp/src/bsp/mcu/s7g2/bsp_vbatt.o
 .debug_line    0x00006cc5      0x780 ./synergy/ssp/src/bsp/mcu/all/bsp_delay.o
 .debug_line    0x00007445      0x768 ./synergy/ssp/src/bsp/cmsis/Device/RENESAS/S7G2/Source/startup_S7G2.o
 .debug_line    0x00007bad      0x881 ./synergy/ssp/src/bsp/cmsis/Device/RENESAS/S7G2/Source/system_S7G2.o
 .debug_line    0x0000842e      0x741 ./synergy/ssp/src/bsp/board/s7g2_dk/bsp_init.o
 .debug_line    0x00008b6f      0x93e ./synergy/ssp/src/bsp/board/s7g2_dk/bsp_qspi.o
 .debug_line    0x000094ad      0x77c ./synergy/ssp/src/bsp/board/s7g2_dk/bsp_sdram.o
 .debug_line    0x00009c29      0x83c ./src/synergy_gen/hal_data.o
 .debug_line    0x0000a465       0x49 ./src/synergy_gen/main.o
 .debug_line    0x0000a4ae      0x873 ./src/hal_entry.o

.debug_str      0x00000000    0x19c23
 .debug_str     0x00000000    0x10da4 ./synergy/ssp/src/driver/r_ioport/hw/target/s7g2/hw_ioport_s7g2.o
                              0x10fc5 (size before relaxing)
 .debug_str     0x00010da4      0xfa9 ./synergy/ssp/src/driver/r_ioport/r_ioport.o
                              0x11ca8 (size before relaxing)
 .debug_str     0x00011d4d     0x2bdc ./synergy/ssp/src/driver/r_elc/r_elc.o
                              0x12f9a (size before relaxing)
 .debug_str     0x00014929     0x1e36 ./synergy/ssp/src/driver/r_cgc/hw/hw_cgc.o
                              0x11688 (size before relaxing)
 .debug_str     0x0001675f      0x78f ./synergy/ssp/src/driver/r_cgc/r_cgc.o
                              0x1197b (size before relaxing)
 .debug_str     0x00016eee       0x4c ./synergy/ssp/src/bsp/mcu/s7g2/bsp_clocks.o
                              0x10c1b (size before relaxing)
 .debug_str     0x00016f3a      0x368 ./synergy/ssp/src/bsp/mcu/s7g2/bsp_group_irq.o
                              0x10821 (size before relaxing)
 .debug_str     0x000172a2       0x74 ./synergy/ssp/src/bsp/mcu/s7g2/bsp_irq.o
                               0xfc8a (size before relaxing)
 .debug_str     0x00017316      0x9e1 ./synergy/ssp/src/bsp/mcu/s7g2/bsp_locking.o
                              0x10cbe (size before relaxing)
 .debug_str     0x00017cf7      0x16d ./synergy/ssp/src/bsp/mcu/s7g2/bsp_register_protection.o
                              0x103ee (size before relaxing)
 .debug_str     0x00017e64      0x1d2 ./synergy/ssp/src/bsp/mcu/s7g2/bsp_rom_registers.o
                               0xf95c (size before relaxing)
 .debug_str     0x00018036      0x399 ./synergy/ssp/src/bsp/mcu/s7g2/bsp_vbatt.o
                              0x11642 (size before relaxing)
 .debug_str     0x000183cf      0x147 ./synergy/ssp/src/bsp/mcu/all/bsp_delay.o
                               0xf8e9 (size before relaxing)
 .debug_str     0x00018516       0xe1 ./synergy/ssp/src/bsp/cmsis/Device/RENESAS/S7G2/Source/startup_S7G2.o
                               0xf869 (size before relaxing)
 .debug_str     0x000185f7      0x2f8 ./synergy/ssp/src/bsp/cmsis/Device/RENESAS/S7G2/Source/system_S7G2.o
                              0x14476 (size before relaxing)
 .debug_str     0x000188ef       0x54 ./synergy/ssp/src/bsp/board/s7g2_dk/bsp_init.o
                               0xf7d3 (size before relaxing)
 .debug_str     0x00018943      0xb0e ./synergy/ssp/src/bsp/board/s7g2_dk/bsp_qspi.o
                              0x105ec (size before relaxing)
 .debug_str     0x00019451      0x6e2 ./synergy/ssp/src/bsp/board/s7g2_dk/bsp_sdram.o
                              0x10065 (size before relaxing)
 .debug_str     0x00019b33       0xb4 ./src/synergy_gen/hal_data.o
                              0x14663 (size before relaxing)
 .debug_str     0x00019be7       0x24 ./src/synergy_gen/main.o
                               0x2432 (size before relaxing)
 .debug_str     0x00019c0b       0x18 ./src/hal_entry.o
                              0x11906 (size before relaxing)

.debug_frame    0x00000000      0xdac
 .debug_frame   0x00000000      0x118 ./synergy/ssp/src/driver/r_ioport/hw/target/s7g2/hw_ioport_s7g2.o
 .debug_frame   0x00000118      0x164 ./synergy/ssp/src/driver/r_ioport/r_ioport.o
 .debug_frame   0x0000027c       0x8c ./synergy/ssp/src/driver/r_elc/r_elc.o
 .debug_frame   0x00000308      0x3b8 ./synergy/ssp/src/driver/r_cgc/hw/hw_cgc.o
 .debug_frame   0x000006c0      0x234 ./synergy/ssp/src/driver/r_cgc/r_cgc.o
 .debug_frame   0x000008f4       0x48 ./synergy/ssp/src/bsp/mcu/s7g2/bsp_clocks.o
 .debug_frame   0x0000093c       0x60 ./synergy/ssp/src/bsp/mcu/s7g2/bsp_group_irq.o
 .debug_frame   0x0000099c       0x30 ./synergy/ssp/src/bsp/mcu/s7g2/bsp_irq.o
 .debug_frame   0x000009cc       0x70 ./synergy/ssp/src/bsp/mcu/s7g2/bsp_locking.o
 .debug_frame   0x00000a3c       0x48 ./synergy/ssp/src/bsp/mcu/s7g2/bsp_register_protection.o
 .debug_frame   0x00000a84       0x30 ./synergy/ssp/src/bsp/mcu/s7g2/bsp_vbatt.o
 .debug_frame   0x00000ab4       0x3c ./synergy/ssp/src/bsp/mcu/all/bsp_delay.o
 .debug_frame   0x00000af0       0x38 ./synergy/ssp/src/bsp/cmsis/Device/RENESAS/S7G2/Source/startup_S7G2.o
 .debug_frame   0x00000b28       0x50 ./synergy/ssp/src/bsp/cmsis/Device/RENESAS/S7G2/Source/system_S7G2.o
 .debug_frame   0x00000b78       0x28 ./synergy/ssp/src/bsp/board/s7g2_dk/bsp_init.o
 .debug_frame   0x00000ba0       0xac ./synergy/ssp/src/bsp/board/s7g2_dk/bsp_qspi.o
 .debug_frame   0x00000c4c       0x28 ./synergy/ssp/src/bsp/board/s7g2_dk/bsp_sdram.o
 .debug_frame   0x00000c74       0x20 ./src/synergy_gen/hal_data.o
 .debug_frame   0x00000c94       0x28 ./src/synergy_gen/main.o
 .debug_frame   0x00000cbc       0x2c ./src/hal_entry.o
 .debug_frame   0x00000ce8       0x48 c:/program files (x86)/gnu tools arm embedded/4.8 2014q3/bin/../lib/gcc/arm-none-eabi/4.8.4/../../../../arm-none-eabi/lib/armv7e-m/fpu\libg.a(lib_a-__call_atexit.o)
 .debug_frame   0x00000d30       0x20 c:/program files (x86)/gnu tools arm embedded/4.8 2014q3/bin/../lib/gcc/arm-none-eabi/4.8.4/../../../../arm-none-eabi/lib/armv7e-m/fpu\libg.a(lib_a-atexit.o)
 .debug_frame   0x00000d50       0x2c c:/program files (x86)/gnu tools arm embedded/4.8 2014q3/bin/../lib/gcc/arm-none-eabi/4.8.4/../../../../arm-none-eabi/lib/armv7e-m/fpu\libg.a(lib_a-fini.o)
 .debug_frame   0x00000d7c       0x30 c:/program files (x86)/gnu tools arm embedded/4.8 2014q3/bin/../lib/gcc/arm-none-eabi/4.8.4/../../../../arm-none-eabi/lib/armv7e-m/fpu\libg.a(lib_a-__atexit.o)
